Archive member included to satisfy reference by file (symbol)

/usr/share/gcc-arm-none-eabi-10.3-2021.10/bin/../lib/gcc/arm-none-eabi/10.3.1/../../../../arm-none-eabi/lib/thumb/v7e-m/nofp/libc_nano.a(lib_a-ctype_.o)
                              CMakeFiles/Application.dir/system/src/newlib/_syscalls.c.obj (_ctype_)
/usr/share/gcc-arm-none-eabi-10.3-2021.10/bin/../lib/gcc/arm-none-eabi/10.3.1/../../../../arm-none-eabi/lib/thumb/v7e-m/nofp/libc_nano.a(lib_a-errno.o)
                              CMakeFiles/Application.dir/system/src/newlib/_sbrk.c.obj (__errno)
/usr/share/gcc-arm-none-eabi-10.3-2021.10/bin/../lib/gcc/arm-none-eabi/10.3.1/../../../../arm-none-eabi/lib/thumb/v7e-m/nofp/libc_nano.a(lib_a-findfp.o)
                              CMakeFiles/Application.dir/system/src/newlib/_syscalls.c.obj (__sinit)
/usr/share/gcc-arm-none-eabi-10.3-2021.10/bin/../lib/gcc/arm-none-eabi/10.3.1/../../../../arm-none-eabi/lib/thumb/v7e-m/nofp/libc_nano.a(lib_a-fwalk.o)
                              /usr/share/gcc-arm-none-eabi-10.3-2021.10/bin/../lib/gcc/arm-none-eabi/10.3.1/../../../../arm-none-eabi/lib/thumb/v7e-m/nofp/libc_nano.a(lib_a-findfp.o) (_fwalk)
/usr/share/gcc-arm-none-eabi-10.3-2021.10/bin/../lib/gcc/arm-none-eabi/10.3.1/../../../../arm-none-eabi/lib/thumb/v7e-m/nofp/libc_nano.a(lib_a-impure.o)
                              /usr/share/gcc-arm-none-eabi-10.3-2021.10/bin/../lib/gcc/arm-none-eabi/10.3.1/../../../../arm-none-eabi/lib/thumb/v7e-m/nofp/libc_nano.a(lib_a-findfp.o) (_global_impure_ptr)
/usr/share/gcc-arm-none-eabi-10.3-2021.10/bin/../lib/gcc/arm-none-eabi/10.3.1/../../../../arm-none-eabi/lib/thumb/v7e-m/nofp/libc_nano.a(lib_a-lock.o)
                              /usr/share/gcc-arm-none-eabi-10.3-2021.10/bin/../lib/gcc/arm-none-eabi/10.3.1/../../../../arm-none-eabi/lib/thumb/v7e-m/nofp/libc_nano.a(lib_a-findfp.o) (__retarget_lock_init_recursive)
/usr/share/gcc-arm-none-eabi-10.3-2021.10/bin/../lib/gcc/arm-none-eabi/10.3.1/../../../../arm-none-eabi/lib/thumb/v7e-m/nofp/libc_nano.a(lib_a-memset.o)
                              CMakeFiles/Application.dir/system/src/newlib/_syscalls.c.obj (memset)
/usr/share/gcc-arm-none-eabi-10.3-2021.10/bin/../lib/gcc/arm-none-eabi/10.3.1/../../../../arm-none-eabi/lib/thumb/v7e-m/nofp/libc_nano.a(lib_a-nano-mallocr.o)
                              /usr/share/gcc-arm-none-eabi-10.3-2021.10/bin/../lib/gcc/arm-none-eabi/10.3.1/../../../../arm-none-eabi/lib/thumb/v7e-m/nofp/libc_nano.a(lib_a-findfp.o) (_malloc_r)
/usr/share/gcc-arm-none-eabi-10.3-2021.10/bin/../lib/gcc/arm-none-eabi/10.3.1/../../../../arm-none-eabi/lib/thumb/v7e-m/nofp/libc_nano.a(lib_a-nano-vfprintf_float.o)
                              (_printf_float)
/usr/share/gcc-arm-none-eabi-10.3-2021.10/bin/../lib/gcc/arm-none-eabi/10.3.1/../../../../arm-none-eabi/lib/thumb/v7e-m/nofp/libc_nano.a(lib_a-nano-vfprintf_i.o)
                              /usr/share/gcc-arm-none-eabi-10.3-2021.10/bin/../lib/gcc/arm-none-eabi/10.3.1/../../../../arm-none-eabi/lib/thumb/v7e-m/nofp/libc_nano.a(lib_a-nano-vfprintf_float.o) (_printf_common)
/usr/share/gcc-arm-none-eabi-10.3-2021.10/bin/../lib/gcc/arm-none-eabi/10.3.1/../../../../arm-none-eabi/lib/thumb/v7e-m/nofp/libc_nano.a(lib_a-nano-vfscanf_float.o)
                              (_scanf_float)
/usr/share/gcc-arm-none-eabi-10.3-2021.10/bin/../lib/gcc/arm-none-eabi/10.3.1/../../../../arm-none-eabi/lib/thumb/v7e-m/nofp/libc_nano.a(lib_a-sbrkr.o)
                              /usr/share/gcc-arm-none-eabi-10.3-2021.10/bin/../lib/gcc/arm-none-eabi/10.3.1/../../../../arm-none-eabi/lib/thumb/v7e-m/nofp/libc_nano.a(lib_a-nano-mallocr.o) (_sbrk_r)
/usr/share/gcc-arm-none-eabi-10.3-2021.10/bin/../lib/gcc/arm-none-eabi/10.3.1/../../../../arm-none-eabi/lib/thumb/v7e-m/nofp/libc_nano.a(lib_a-sf_nan.o)
                              /usr/share/gcc-arm-none-eabi-10.3-2021.10/bin/../lib/gcc/arm-none-eabi/10.3.1/../../../../arm-none-eabi/lib/thumb/v7e-m/nofp/libc_nano.a(lib_a-nano-vfscanf_float.o) (nanf)
/usr/share/gcc-arm-none-eabi-10.3-2021.10/bin/../lib/gcc/arm-none-eabi/10.3.1/../../../../arm-none-eabi/lib/thumb/v7e-m/nofp/libc_nano.a(lib_a-sprintf.o)
                              /usr/share/gcc-arm-none-eabi-10.3-2021.10/bin/../lib/gcc/arm-none-eabi/10.3.1/../../../../arm-none-eabi/lib/thumb/v7e-m/nofp/libc_nano.a(lib_a-nano-vfscanf_float.o) (sprintf)
/usr/share/gcc-arm-none-eabi-10.3-2021.10/bin/../lib/gcc/arm-none-eabi/10.3.1/../../../../arm-none-eabi/lib/thumb/v7e-m/nofp/libc_nano.a(lib_a-stdio.o)
                              /usr/share/gcc-arm-none-eabi-10.3-2021.10/bin/../lib/gcc/arm-none-eabi/10.3.1/../../../../arm-none-eabi/lib/thumb/v7e-m/nofp/libc_nano.a(lib_a-findfp.o) (__sread)
/usr/share/gcc-arm-none-eabi-10.3-2021.10/bin/../lib/gcc/arm-none-eabi/10.3.1/../../../../arm-none-eabi/lib/thumb/v7e-m/nofp/libc_nano.a(lib_a-strcmp.o)
                              CMakeFiles/Application.dir/system/src/cortexm/exception_handlers.c.obj (strcmp)
[...]
Memory Configuration

Name             Origin             Length             Attributes
RAM              0x0000000020000000 0x0000000000020000 xrw
CCMRAM           0x0000000010000000 0x0000000000010000 xrw
FLASH            0x0000000008000000 0x0000000000100000 xr
FLASHB1          0x0000000000000000 0x0000000000000000 xr
EXTMEMB0         0x0000000000000000 0x0000000000000000 xr
EXTMEMB1         0x0000000000000000 0x0000000000000000 xr
EXTMEMB2         0x0000000000000000 0x0000000000000000 xr
EXTMEMB3         0x0000000000000000 0x0000000000000000 xr
MEMORY_ARRAY     0x0000000020002000 0x0000000000000020 xrw
*default*        0x0000000000000000 0xffffffffffffffff

Linker script and memory map

LOAD CMakeFiles/Application.dir/src/main.cpp.obj
LOAD CMakeFiles/Application.dir/system/src/cmsis/vectors_stm32f4xx.c.obj
LOAD CMakeFiles/Application.dir/system/src/cmsis/system_stm32f4xx.c.obj
LOAD CMakeFiles/Application.dir/system/src/cortexm/_initialize_hardware.c.obj
LOAD CMakeFiles/Application.dir/system/src/cortexm/_reset_hardware.c.obj
LOAD CMakeFiles/Application.dir/system/src/cortexm/exception_handlers.c.obj
LOAD CMakeFiles/Application.dir/system/src/diag/Trace.c.obj
LOAD CMakeFiles/Application.dir/system/src/diag/trace_impl.c.obj
LOAD CMakeFiles/Application.dir/system/src/newlib/__dso_handle.c.obj
LOAD CMakeFiles/Application.dir/system/src/newlib/_exit.c.obj
LOAD CMakeFiles/Application.dir/system/src/newlib/_sbrk.c.obj
LOAD CMakeFiles/Application.dir/system/src/newlib/_startup.c.obj
LOAD CMakeFiles/Application.dir/system/src/newlib/_syscalls.c.obj
LOAD CMakeFiles/Application.dir/system/src/newlib/_write.c.obj
LOAD CMakeFiles/Application.dir/system/src/newlib/assert.c.obj
LOAD /usr/share/gcc-arm-none-eabi-10.3-2021.10/bin/../lib/gcc/arm-none-eabi/10.3.1/../../../../arm-none-eabi/lib/thumb/v7e-m/nofp/libstdc++_nano.a
LOAD /usr/share/gcc-arm-none-eabi-10.3-2021.10/bin/../lib/gcc/arm-none-eabi/10.3.1/../../../../arm-none-eabi/lib/thumb/v7e-m/nofp/libm.a
START GROUP
LOAD /usr/share/gcc-arm-none-eabi-10.3-2021.10/bin/../lib/gcc/arm-none-eabi/10.3.1/thumb/v7e-m/nofp/libgcc.a
LOAD /usr/share/gcc-arm-none-eabi-10.3-2021.10/bin/../lib/gcc/arm-none-eabi/10.3.1/../../../../arm-none-eabi/lib/thumb/v7e-m/nofp/libc_nano.a
END GROUP
START GROUP
LOAD /usr/share/gcc-arm-none-eabi-10.3-2021.10/bin/../lib/gcc/arm-none-eabi/10.3.1/thumb/v7e-m/nofp/libgcc.a
LOAD /usr/share/gcc-arm-none-eabi-10.3-2021.10/bin/../lib/gcc/arm-none-eabi/10.3.1/../../../../arm-none-eabi/lib/thumb/v7e-m/nofp/libc_nano.a
LOAD /usr/share/gcc-arm-none-eabi-10.3-2021.10/bin/../lib/gcc/arm-none-eabi/10.3.1/../../../../arm-none-eabi/lib/thumb/v7e-m/nofp/librdimon_nano.a
END GROUP
START GROUP
LOAD /usr/share/gcc-arm-none-eabi-10.3-2021.10/bin/../lib/gcc/arm-none-eabi/10.3.1/thumb/v7e-m/nofp/libgcc.a
LOAD /usr/share/gcc-arm-none-eabi-10.3-2021.10/bin/../lib/gcc/arm-none-eabi/10.3.1/../../../../arm-none-eabi/lib/thumb/v7e-m/nofp/libc_nano.a
LOAD /usr/share/gcc-arm-none-eabi-10.3-2021.10/bin/../lib/gcc/arm-none-eabi/10.3.1/../../../../arm-none-eabi/lib/thumb/v7e-m/nofp/librdimon_nano.a
END GROUP
                0x0000000020020000                __stack = (ORIGIN (RAM) + LENGTH (RAM))
                0x0000000020020000                _estack = __stack
                0x0000000000000800                __Main_Stack_Size = 0x800
                [!provide]                        PROVIDE (_Main_Stack_Size = __Main_Stack_Size)
                0x000000002001f800                __Main_Stack_Limit = (__stack - __Main_Stack_Size)
                [!provide]                        PROVIDE (_Main_Stack_Limit = __Main_Stack_Limit)
                0x0000000000000100                _Minimum_Stack_Size = 0x100
                0x0000000020000358                PROVIDE (_Heap_Begin = _end_noinit)
                0x000000002001f800                PROVIDE (_Heap_Limit = (__stack - __Main_Stack_Size))

.note.gnu.build-id
                0x0000000020000000       0x24
 .note.gnu.build-id
                0x0000000020000000       0x24 linker stubs

.isr_vector     0x0000000008000000      0x340
 FILL mask 0xff
                0x0000000008000000                __vectors_start__ = ABSOLUTE (.)
 *(.isr_vector)
 .isr_vector    0x0000000008000000      0x188 CMakeFiles/Application.dir/system/src/cmsis/vectors_stm32f4xx.c.obj
                0x0000000008000000                __isr_vectors
 *(.cfmconfig)
 *(.after_vectors .after_vectors.*)
 .after_vectors
                0x0000000008000188        0x2 CMakeFiles/Application.dir/system/src/cmsis/vectors_stm32f4xx.c.obj
                0x0000000008000188                RTC_Alarm_IRQHandler
                0x0000000008000188                HASH_RNG_IRQHandler
                0x0000000008000188                EXTI2_IRQHandler
                0x0000000008000188                TIM8_CC_IRQHandler
                0x0000000008000188                TIM1_CC_IRQHandler
                0x0000000008000188                DMA2_Stream5_IRQHandler
                0x0000000008000188                DMA1_Stream5_IRQHandler
                0x0000000008000188                PVD_IRQHandler
                0x0000000008000188                SDIO_IRQHandler
                0x0000000008000188                TAMP_STAMP_IRQHandler
                0x0000000008000188                CAN2_RX1_IRQHandler
                0x0000000008000188                EXTI3_IRQHandler
                0x0000000008000188                TIM8_TRG_COM_TIM14_IRQHandler
                0x0000000008000188                TIM1_UP_TIM10_IRQHandler
                0x0000000008000188                TIM8_UP_TIM13_IRQHandler
                0x0000000008000188                I2C3_ER_IRQHandler
                0x0000000008000188                EXTI0_IRQHandler
                0x0000000008000188                I2C2_EV_IRQHandler
                0x0000000008000188                DMA1_Stream2_IRQHandler
                0x0000000008000188                CAN1_RX0_IRQHandler
                0x0000000008000188                FPU_IRQHandler
                0x0000000008000188                OTG_HS_WKUP_IRQHandler
                0x0000000008000188                CAN2_SCE_IRQHandler
                0x0000000008000188                DMA2_Stream2_IRQHandler
                0x0000000008000188                SPI1_IRQHandler
                0x0000000008000188                TIM6_DAC_IRQHandler
                0x0000000008000188                TIM1_BRK_TIM9_IRQHandler
                0x0000000008000188                DCMI_IRQHandler
                0x0000000008000188                CAN2_RX0_IRQHandler
                0x0000000008000188                DMA2_Stream3_IRQHandler
                0x0000000008000188                USART6_IRQHandler
                0x0000000008000188                USART3_IRQHandler
                0x0000000008000188                CAN1_RX1_IRQHandler
                0x0000000008000188                UART5_IRQHandler
                0x0000000008000188                DMA2_Stream0_IRQHandler
                0x0000000008000188                TIM4_IRQHandler
                0x0000000008000188                I2C1_EV_IRQHandler
                0x0000000008000188                DMA1_Stream6_IRQHandler
                0x0000000008000188                DMA1_Stream1_IRQHandler
                0x0000000008000188                UART4_IRQHandler
                0x0000000008000188                TIM3_IRQHandler
                0x0000000008000188                RCC_IRQHandler
                0x0000000008000188                TIM8_BRK_TIM12_IRQHandler
                0x0000000008000188                Default_Handler
                0x0000000008000188                EXTI15_10_IRQHandler
                0x0000000008000188                ADC_IRQHandler
                0x0000000008000188                DMA1_Stream7_IRQHandler
                0x0000000008000188                TIM7_IRQHandler
                0x0000000008000188                CAN2_TX_IRQHandler
                0x0000000008000188                TIM5_IRQHandler
                0x0000000008000188                DMA2_Stream7_IRQHandler
                0x0000000008000188                I2C3_EV_IRQHandler
                0x0000000008000188                EXTI9_5_IRQHandler
                0x0000000008000188                RTC_WKUP_IRQHandler
                0x0000000008000188                ETH_WKUP_IRQHandler
                0x0000000008000188                SPI2_IRQHandler
                0x0000000008000188                OTG_HS_EP1_IN_IRQHandler
                0x0000000008000188                DMA1_Stream0_IRQHandler
                0x0000000008000188                CAN1_TX_IRQHandler
                0x0000000008000188                EXTI4_IRQHandler
                0x0000000008000188                FSMC_IRQHandler
                0x0000000008000188                ETH_IRQHandler
                0x0000000008000188                OTG_HS_EP1_OUT_IRQHandler
                0x0000000008000188                WWDG_IRQHandler
                0x0000000008000188                TIM2_IRQHandler
                0x0000000008000188                OTG_FS_WKUP_IRQHandler
                0x0000000008000188                TIM1_TRG_COM_TIM11_IRQHandler
                0x0000000008000188                OTG_HS_IRQHandler
                0x0000000008000188                EXTI1_IRQHandler
                0x0000000008000188                USART2_IRQHandler
                0x0000000008000188                I2C2_ER_IRQHandler
                0x0000000008000188                DMA2_Stream1_IRQHandler
                0x0000000008000188                CAN1_SCE_IRQHandler
                0x0000000008000188                FLASH_IRQHandler
                0x0000000008000188                DMA2_Stream4_IRQHandler
                0x0000000008000188                USART1_IRQHandler
                0x0000000008000188                OTG_FS_IRQHandler
                0x0000000008000188                SPI3_IRQHandler
                0x0000000008000188                DMA1_Stream4_IRQHandler
                0x0000000008000188                I2C1_ER_IRQHandler
                0x0000000008000188                DMA2_Stream6_IRQHandler
                0x0000000008000188                DMA1_Stream3_IRQHandler
 *fill*         0x000000000800018a        0x2 ff
 .after_vectors
                0x000000000800018c       0xa0 CMakeFiles/Application.dir/system/src/cortexm/exception_handlers.c.obj
                0x000000000800018c                Reset_Handler
                0x0000000008000192                NMI_Handler
                0x0000000008000196                HardFault_Handler
                0x00000000080001aa                HardFault_Handler_C
                0x00000000080001dc                MemManage_Handler
                0x00000000080001e0                BusFault_Handler
                0x00000000080001f4                BusFault_Handler_C
                0x00000000080001f8                UsageFault_Handler
                0x000000000800020c                UsageFault_Handler_C
                0x0000000008000210                SVC_Handler
                0x0000000008000214                DebugMon_Handler
                0x0000000008000218                PendSV_Handler
 .after_vectors
                0x000000000800022c      0x114 CMakeFiles/Application.dir/system/src/newlib/_startup.c.obj
                0x000000000800022c                _start

.inits          0x0000000008000340       0x28
                0x0000000008000340                __data_regions_array_start = .
                0x0000000008000340        0x4 LONG 0x80055b8 LOADADDR (.data)
                0x0000000008000344        0x4 LONG 0x20000024 ADDR (.data)
                0x0000000008000348        0x4 LONG 0x20000214 (ADDR (.data) + SIZEOF (.data))
                0x000000000800034c        0x4 LONG 0x80055b8 LOADADDR (.data_CCMRAM)
                0x0000000008000350        0x4 LONG 0x10000000 ADDR (.data_CCMRAM)
                0x0000000008000354        0x4 LONG 0x10000000 (ADDR (.data_CCMRAM) + SIZEOF (.data_CCMRAM))
                0x0000000008000358                __data_regions_array_end = .
                0x0000000008000358                __bss_regions_array_start = .
                0x0000000008000358        0x4 LONG 0x20000214 ADDR (.bss)
                0x000000000800035c        0x4 LONG 0x20000358 (ADDR (.bss) + SIZEOF (.bss))
                0x0000000008000360        0x4 LONG 0x10000000 ADDR (.bss_CCMRAM)
                0x0000000008000364        0x4 LONG 0x10000000 (ADDR (.bss_CCMRAM) + SIZEOF (.bss_CCMRAM))
                0x0000000008000368                __bss_regions_array_end = .
 *(.init)
 *(.fini)
                0x0000000008000368                . = ALIGN (0x4)
                0x0000000008000368                PROVIDE (__preinit_array_start = .)
 *(.preinit_array_sysinit .preinit_array_sysinit.*)
 *(.preinit_array_platform .preinit_array_platform.*)
 *(.preinit_array .preinit_array.*)
                0x0000000008000368                PROVIDE (__preinit_array_end = .)
                0x0000000008000368                . = ALIGN (0x4)
                0x0000000008000368                PROVIDE (__init_array_start = .)
 *(SORT_BY_NAME(.init_array.*))
 *(.init_array)
                0x0000000008000368                PROVIDE (__init_array_end = .)
                0x0000000008000368                . = ALIGN (0x4)
                0x0000000008000368                PROVIDE (__fini_array_start = .)
 *(SORT_BY_NAME(.fini_array.*))
 *(.fini_array)
                0x0000000008000368                PROVIDE (__fini_array_end = .)

.flashtext
 *(.flashtext .flashtext.*)

.text           0x0000000008000370     0x523d
 *(.text .text.*)
 .text._ZL5sleepm
                0x0000000008000370       0x4c CMakeFiles/Application.dir/src/main.cpp.obj
 .text.main     0x00000000080003bc       0x64 CMakeFiles/Application.dir/src/main.cpp.obj
                0x00000000080003bc                main
 .text.SysTick_Handler
                0x0000000008000420       0x14 CMakeFiles/Application.dir/src/main.cpp.obj
                0x0000000008000420                SysTick_Handler
 .text.SystemInit
                0x0000000008000434       0x40 CMakeFiles/Application.dir/system/src/cmsis/system_stm32f4xx.c.obj
                0x0000000008000434                SystemInit
 .text.SystemCoreClockUpdate
                0x0000000008000474       0xa0 CMakeFiles/Application.dir/system/src/cmsis/system_stm32f4xx.c.obj
                0x0000000008000474                SystemCoreClockUpdate
 .text.__initialize_hardware_early
                0x0000000008000514        0x8 CMakeFiles/Application.dir/system/src/cortexm/_initialize_hardware.c.obj
                0x0000000008000514                __initialize_hardware_early
 .text.__initialize_hardware
                0x000000000800051c        0x8 CMakeFiles/Application.dir/system/src/cortexm/_initialize_hardware.c.obj
                0x000000000800051c                __initialize_hardware
 .text.isSemihosting
                0x0000000008000524       0xfc CMakeFiles/Application.dir/system/src/cortexm/exception_handlers.c.obj
                0x0000000008000524                isSemihosting
 .text.abort    0x0000000008000620        0x8 CMakeFiles/Application.dir/system/src/newlib/_exit.c.obj
                0x0000000008000620                abort
 .text._sbrk    0x0000000008000628       0x44 CMakeFiles/Application.dir/system/src/newlib/_sbrk.c.obj
                0x0000000008000628                _sbrk
 .text._exit    0x000000000800066c       0x20 CMakeFiles/Application.dir/system/src/newlib/_syscalls.c.obj
                0x000000000800066c                _exit
 .text.initialise_monitor_handles
                0x000000000800068c       0xa8 CMakeFiles/Application.dir/system/src/newlib/_syscalls.c.obj
                0x000000000800068c                initialise_monitor_handles
 .text.__initialize_args
                0x0000000008000734       0xc0 CMakeFiles/Application.dir/system/src/newlib/_syscalls.c.obj
                0x0000000008000734                __initialize_args
 .text.__assert_func
                0x00000000080007f4        0x6 CMakeFiles/Application.dir/system/src/newlib/assert.c.obj
                0x00000000080007f4                __assert_func
 *fill*         0x00000000080007fa        0x2 
 .text.__errno  0x00000000080007fc        0xc /usr/share/gcc-arm-none-eabi-10.3-2021.10/bin/../lib/gcc/arm-none-eabi/10.3.1/../../../../arm-none-eabi/lib/thumb/v7e-m/nofp/libc_nano.a(lib_a-errno.o)
                0x00000000080007fc                __errno
 .text.__retarget_lock_acquire_recursive
                0x0000000008000808        0x2 /usr/share/gcc-arm-none-eabi-10.3-2021.10/bin/../lib/gcc/arm-none-eabi/10.3.1/../../../../arm-none-eabi/lib/thumb/v7e-m/nofp/libc_nano.a(lib_a-lock.o)
                0x0000000008000808                __retarget_lock_acquire_recursive
 .text.__retarget_lock_release_recursive
                0x000000000800080a        0x2 /usr/share/gcc-arm-none-eabi-10.3-2021.10/bin/../lib/gcc/arm-none-eabi/10.3.1/../../../../arm-none-eabi/lib/thumb/v7e-m/nofp/libc_nano.a(lib_a-lock.o)
                0x000000000800080a                __retarget_lock_release_recursive
 .text.memset   0x000000000800080c       0x10 /usr/share/gcc-arm-none-eabi-10.3-2021.10/bin/../lib/gcc/arm-none-eabi/10.3.1/../../../../arm-none-eabi/lib/thumb/v7e-m/nofp/libc_nano.a(lib_a-memset.o)
                0x000000000800080c                memset
 .text.sbrk_aligned
                0x000000000800081c       0x40 /usr/share/gcc-arm-none-eabi-10.3-2021.10/bin/../lib/gcc/arm-none-eabi/10.3.1/../../../../arm-none-eabi/lib/thumb/v7e-m/nofp/libc_nano.a(lib_a-nano-mallocr.o)
 .text._malloc_r
                0x000000000800085c       0xe8 /usr/share/gcc-arm-none-eabi-10.3-2021.10/bin/../lib/gcc/arm-none-eabi/10.3.1/../../../../arm-none-eabi/lib/thumb/v7e-m/nofp/libc_nano.a(lib_a-nano-mallocr.o)
                0x000000000800085c                _malloc_r
 .text.__cvt    0x0000000008000944       0xc0 /usr/share/gcc-arm-none-eabi-10.3-2021.10/bin/../lib/gcc/arm-none-eabi/10.3.1/../../../../arm-none-eabi/lib/thumb/v7e-m/nofp/libc_nano.a(lib_a-nano-vfprintf_float.o)
                0x0000000008000944                __cvt
 .text.__exponent
                0x0000000008000a04       0x7c /usr/share/gcc-arm-none-eabi-10.3-2021.10/bin/../lib/gcc/arm-none-eabi/10.3.1/../../../../arm-none-eabi/lib/thumb/v7e-m/nofp/libc_nano.a(lib_a-nano-vfprintf_float.o)
                0x0000000008000a04                __exponent
 .text._printf_float
                0x0000000008000a80      0x454 /usr/share/gcc-arm-none-eabi-10.3-2021.10/bin/../lib/gcc/arm-none-eabi/10.3.1/../../../../arm-none-eabi/lib/thumb/v7e-m/nofp/libc_nano.a(lib_a-nano-vfprintf_float.o)
                0x0000000008000a80                _printf_float
 .text._printf_common
                0x0000000008000ed4       0xda /usr/share/gcc-arm-none-eabi-10.3-2021.10/bin/../lib/gcc/arm-none-eabi/10.3.1/../../../../arm-none-eabi/lib/thumb/v7e-m/nofp/libc_nano.a(lib_a-nano-vfprintf_i.o)
                0x0000000008000ed4                _printf_common
 *fill*         0x0000000008000fae        0x2 
 .text._printf_i
                0x0000000008000fb0      0x24c /usr/share/gcc-arm-none-eabi-10.3-2021.10/bin/../lib/gcc/arm-none-eabi/10.3.1/../../../../arm-none-eabi/lib/thumb/v7e-m/nofp/libc_nano.a(lib_a-nano-vfprintf_i.o)
                0x0000000008000fb0                _printf_i
 .text._scanf_float
                0x00000000080011fc      0x418 /usr/share/gcc-arm-none-eabi-10.3-2021.10/bin/../lib/gcc/arm-none-eabi/10.3.1/../../../../arm-none-eabi/lib/thumb/v7e-m/nofp/libc_nano.a(lib_a-nano-vfscanf_float.o)
                0x00000000080011fc                _scanf_float
 .text._sbrk_r  0x0000000008001614       0x20 /usr/share/gcc-arm-none-eabi-10.3-2021.10/bin/../lib/gcc/arm-none-eabi/10.3.1/../../../../arm-none-eabi/lib/thumb/v7e-m/nofp/libc_nano.a(lib_a-sbrkr.o)
                0x0000000008001614                _sbrk_r
 .text.nanf     0x0000000008001634        0x8 /usr/share/gcc-arm-none-eabi-10.3-2021.10/bin/../lib/gcc/arm-none-eabi/10.3.1/../../../../arm-none-eabi/lib/thumb/v7e-m/nofp/libc_nano.a(lib_a-sf_nan.o)
                0x0000000008001634                nanf
 .text.sprintf  0x000000000800163c       0x40 /usr/share/gcc-arm-none-eabi-10.3-2021.10/bin/../lib/gcc/arm-none-eabi/10.3.1/../../../../arm-none-eabi/lib/thumb/v7e-m/nofp/libc_nano.a(lib_a-sprintf.o)
                0x000000000800163c                sprintf
                0x000000000800163c                siprintf
 .text          0x000000000800167c       0x14 /usr/share/gcc-arm-none-eabi-10.3-2021.10/bin/../lib/gcc/arm-none-eabi/10.3.1/../../../../arm-none-eabi/lib/thumb/v7e-m/nofp/libc_nano.a(lib_a-strcmp.o)
                0x000000000800167c                strcmp
 .text          0x0000000008001690       0x10 /usr/share/gcc-arm-none-eabi-10.3-2021.10/bin/../lib/gcc/arm-none-eabi/10.3.1/../../../../arm-none-eabi/lib/thumb/v7e-m/nofp/libc_nano.a(lib_a-strlen.o)
                0x0000000008001690                strlen
 .text.sulp     0x00000000080016a0       0x42 /usr/share/gcc-arm-none-eabi-10.3-2021.10/bin/../lib/gcc/arm-none-eabi/10.3.1/../../../../arm-none-eabi/lib/thumb/v7e-m/nofp/libc_nano.a(lib_a-strtod.o)
 *fill*         0x00000000080016e2        0x6 
 .text._strtod_l
                0x00000000080016e8      0xbd0 /usr/share/gcc-arm-none-eabi-10.3-2021.10/bin/../lib/gcc/arm-none-eabi/10.3.1/../../../../arm-none-eabi/lib/thumb/v7e-m/nofp/libc_nano.a(lib_a-strtod.o)
                0x00000000080016e8                _strtod_l
 .text._strtod_r
                0x00000000080022b8        0xc /usr/share/gcc-arm-none-eabi-10.3-2021.10/bin/../lib/gcc/arm-none-eabi/10.3.1/../../../../arm-none-eabi/lib/thumb/v7e-m/nofp/libc_nano.a(lib_a-strtod.o)
                0x00000000080022b8                _strtod_r
 .text._strtol_l.constprop.0
                0x00000000080022c4       0xf8 /usr/share/gcc-arm-none-eabi-10.3-2021.10/bin/../lib/gcc/arm-none-eabi/10.3.1/../../../../arm-none-eabi/lib/thumb/v7e-m/nofp/libc_nano.a(lib_a-strtol.o)
 .text._strtol_r
                0x00000000080023bc        0x4 /usr/share/gcc-arm-none-eabi-10.3-2021.10/bin/../lib/gcc/arm-none-eabi/10.3.1/../../../../arm-none-eabi/lib/thumb/v7e-m/nofp/libc_nano.a(lib_a-strtol.o)
                0x00000000080023bc                _strtol_r
 .text.quorem   0x00000000080023c0      0x10e /usr/share/gcc-arm-none-eabi-10.3-2021.10/bin/../lib/gcc/arm-none-eabi/10.3.1/../../../../arm-none-eabi/lib/thumb/v7e-m/nofp/libc_nano.a(lib_a-dtoa.o)
 *fill*         0x00000000080024ce        0x2 
 .text._dtoa_r  0x00000000080024d0      0xbdc /usr/share/gcc-arm-none-eabi-10.3-2021.10/bin/../lib/gcc/arm-none-eabi/10.3.1/../../../../arm-none-eabi/lib/thumb/v7e-m/nofp/libc_nano.a(lib_a-dtoa.o)
                0x00000000080024d0                _dtoa_r
 .text.rshift   0x00000000080030ac       0xa4 /usr/share/gcc-arm-none-eabi-10.3-2021.10/bin/../lib/gcc/arm-none-eabi/10.3.1/../../../../arm-none-eabi/lib/thumb/v7e-m/nofp/libc_nano.a(lib_a-gdtoa-gethex.o)
 .text.__hexdig_fun
                0x0000000008003150       0x2a /usr/share/gcc-arm-none-eabi-10.3-2021.10/bin/../lib/gcc/arm-none-eabi/10.3.1/../../../../arm-none-eabi/lib/thumb/v7e-m/nofp/libc_nano.a(lib_a-gdtoa-gethex.o)
                0x0000000008003150                __hexdig_fun
 *fill*         0x000000000800317a        0x2 
 .text.__gethex
                0x000000000800317c      0x478 /usr/share/gcc-arm-none-eabi-10.3-2021.10/bin/../lib/gcc/arm-none-eabi/10.3.1/../../../../arm-none-eabi/lib/thumb/v7e-m/nofp/libc_nano.a(lib_a-gdtoa-gethex.o)
                0x000000000800317c                __gethex
 .text.L_shift  0x00000000080035f4       0x24 /usr/share/gcc-arm-none-eabi-10.3-2021.10/bin/../lib/gcc/arm-none-eabi/10.3.1/../../../../arm-none-eabi/lib/thumb/v7e-m/nofp/libc_nano.a(lib_a-gdtoa-hexnan.o)
 .text.__match  0x0000000008003618       0x28 /usr/share/gcc-arm-none-eabi-10.3-2021.10/bin/../lib/gcc/arm-none-eabi/10.3.1/../../../../arm-none-eabi/lib/thumb/v7e-m/nofp/libc_nano.a(lib_a-gdtoa-hexnan.o)
                0x0000000008003618                __match
 .text.__hexnan
                0x0000000008003640      0x138 /usr/share/gcc-arm-none-eabi-10.3-2021.10/bin/../lib/gcc/arm-none-eabi/10.3.1/../../../../arm-none-eabi/lib/thumb/v7e-m/nofp/libc_nano.a(lib_a-gdtoa-hexnan.o)
                0x0000000008003640                __hexnan
 .text._localeconv_r
                0x0000000008003778        0x8 /usr/share/gcc-arm-none-eabi-10.3-2021.10/bin/../lib/gcc/arm-none-eabi/10.3.1/../../../../arm-none-eabi/lib/thumb/v7e-m/nofp/libc_nano.a(lib_a-localeconv.o)
                0x0000000008003778                _localeconv_r
 .text.malloc   0x0000000008003780       0x10 /usr/share/gcc-arm-none-eabi-10.3-2021.10/bin/../lib/gcc/arm-none-eabi/10.3.1/../../../../arm-none-eabi/lib/thumb/v7e-m/nofp/libc_nano.a(lib_a-malloc.o)
                0x0000000008003780                malloc
 .text.__ascii_mbtowc
                0x0000000008003790       0x24 /usr/share/gcc-arm-none-eabi-10.3-2021.10/bin/../lib/gcc/arm-none-eabi/10.3.1/../../../../arm-none-eabi/lib/thumb/v7e-m/nofp/libc_nano.a(lib_a-mbtowc_r.o)
                0x0000000008003790                __ascii_mbtowc
 *fill*         0x00000000080037b4        0xc 
 .text          0x00000000080037c0       0xa0 /usr/share/gcc-arm-none-eabi-10.3-2021.10/bin/../lib/gcc/arm-none-eabi/10.3.1/../../../../arm-none-eabi/lib/thumb/v7e-m/nofp/libc_nano.a(lib_a-memchr.o)
                0x00000000080037c0                memchr
 .text.memcpy   0x0000000008003860       0x1c /usr/share/gcc-arm-none-eabi-10.3-2021.10/bin/../lib/gcc/arm-none-eabi/10.3.1/../../../../arm-none-eabi/lib/thumb/v7e-m/nofp/libc_nano.a(lib_a-memcpy-stub.o)
                0x0000000008003860                memcpy
 .text.__malloc_lock
                0x000000000800387c        0xc /usr/share/gcc-arm-none-eabi-10.3-2021.10/bin/../lib/gcc/arm-none-eabi/10.3.1/../../../../arm-none-eabi/lib/thumb/v7e-m/nofp/libc_nano.a(lib_a-mlock.o)
                0x000000000800387c                __malloc_lock
 .text.__malloc_unlock
                0x0000000008003888        0xc /usr/share/gcc-arm-none-eabi-10.3-2021.10/bin/../lib/gcc/arm-none-eabi/10.3.1/../../../../arm-none-eabi/lib/thumb/v7e-m/nofp/libc_nano.a(lib_a-mlock.o)
                0x0000000008003888                __malloc_unlock
 .text._Balloc  0x0000000008003894       0x80 /usr/share/gcc-arm-none-eabi-10.3-2021.10/bin/../lib/gcc/arm-none-eabi/10.3.1/../../../../arm-none-eabi/lib/thumb/v7e-m/nofp/libc_nano.a(lib_a-mprec.o)
                0x0000000008003894                _Balloc
 .text._Bfree   0x0000000008003914       0x44 /usr/share/gcc-arm-none-eabi-10.3-2021.10/bin/../lib/gcc/arm-none-eabi/10.3.1/../../../../arm-none-eabi/lib/thumb/v7e-m/nofp/libc_nano.a(lib_a-mprec.o)
                0x0000000008003914                _Bfree
 .text.__multadd
                0x0000000008003958       0x8c /usr/share/gcc-arm-none-eabi-10.3-2021.10/bin/../lib/gcc/arm-none-eabi/10.3.1/../../../../arm-none-eabi/lib/thumb/v7e-m/nofp/libc_nano.a(lib_a-mprec.o)
                0x0000000008003958                __multadd
 .text.__s2b    0x00000000080039e4       0x94 /usr/share/gcc-arm-none-eabi-10.3-2021.10/bin/../lib/gcc/arm-none-eabi/10.3.1/../../../../arm-none-eabi/lib/thumb/v7e-m/nofp/libc_nano.a(lib_a-mprec.o)
                0x00000000080039e4                __s2b
 .text.__hi0bits
                0x0000000008003a78       0x40 /usr/share/gcc-arm-none-eabi-10.3-2021.10/bin/../lib/gcc/arm-none-eabi/10.3.1/../../../../arm-none-eabi/lib/thumb/v7e-m/nofp/libc_nano.a(lib_a-mprec.o)
                0x0000000008003a78                __hi0bits
 .text.__lo0bits
                0x0000000008003ab8       0x5a /usr/share/gcc-arm-none-eabi-10.3-2021.10/bin/../lib/gcc/arm-none-eabi/10.3.1/../../../../arm-none-eabi/lib/thumb/v7e-m/nofp/libc_nano.a(lib_a-mprec.o)
                0x0000000008003ab8                __lo0bits
 *fill*         0x0000000008003b12        0x2 
 .text.__i2b    0x0000000008003b14       0x2c /usr/share/gcc-arm-none-eabi-10.3-2021.10/bin/../lib/gcc/arm-none-eabi/10.3.1/../../../../arm-none-eabi/lib/thumb/v7e-m/nofp/libc_nano.a(lib_a-mprec.o)
                0x0000000008003b14                __i2b
 .text.__multiply
                0x0000000008003b40      0x150 /usr/share/gcc-arm-none-eabi-10.3-2021.10/bin/../lib/gcc/arm-none-eabi/10.3.1/../../../../arm-none-eabi/lib/thumb/v7e-m/nofp/libc_nano.a(lib_a-mprec.o)
                0x0000000008003b40                __multiply
 .text.__pow5mult
                0x0000000008003c90       0xb4 /usr/share/gcc-arm-none-eabi-10.3-2021.10/bin/../lib/gcc/arm-none-eabi/10.3.1/../../../../arm-none-eabi/lib/thumb/v7e-m/nofp/libc_nano.a(lib_a-mprec.o)
                0x0000000008003c90                __pow5mult
 .text.__lshift
                0x0000000008003d44       0xe0 /usr/share/gcc-arm-none-eabi-10.3-2021.10/bin/../lib/gcc/arm-none-eabi/10.3.1/../../../../arm-none-eabi/lib/thumb/v7e-m/nofp/libc_nano.a(lib_a-mprec.o)
                0x0000000008003d44                __lshift
 .text.__mcmp   0x0000000008003e24       0x36 /usr/share/gcc-arm-none-eabi-10.3-2021.10/bin/../lib/gcc/arm-none-eabi/10.3.1/../../../../arm-none-eabi/lib/thumb/v7e-m/nofp/libc_nano.a(lib_a-mprec.o)
                0x0000000008003e24                __mcmp
 *fill*         0x0000000008003e5a        0x2 
 .text.__mdiff  0x0000000008003e5c      0x110 /usr/share/gcc-arm-none-eabi-10.3-2021.10/bin/../lib/gcc/arm-none-eabi/10.3.1/../../../../arm-none-eabi/lib/thumb/v7e-m/nofp/libc_nano.a(lib_a-mprec.o)
                0x0000000008003e5c                __mdiff
 .text.__ulp    0x0000000008003f6c       0x4c /usr/share/gcc-arm-none-eabi-10.3-2021.10/bin/../lib/gcc/arm-none-eabi/10.3.1/../../../../arm-none-eabi/lib/thumb/v7e-m/nofp/libc_nano.a(lib_a-mprec.o)
                0x0000000008003f6c                __ulp
 .text.__b2d    0x0000000008003fb8       0xa8 /usr/share/gcc-arm-none-eabi-10.3-2021.10/bin/../lib/gcc/arm-none-eabi/10.3.1/../../../../arm-none-eabi/lib/thumb/v7e-m/nofp/libc_nano.a(lib_a-mprec.o)
                0x0000000008003fb8                __b2d
 .text.__d2b    0x0000000008004060       0xb8 /usr/share/gcc-arm-none-eabi-10.3-2021.10/bin/../lib/gcc/arm-none-eabi/10.3.1/../../../../arm-none-eabi/lib/thumb/v7e-m/nofp/libc_nano.a(lib_a-mprec.o)
                0x0000000008004060                __d2b
 .text.__ratio  0x0000000008004118       0x5c /usr/share/gcc-arm-none-eabi-10.3-2021.10/bin/../lib/gcc/arm-none-eabi/10.3.1/../../../../arm-none-eabi/lib/thumb/v7e-m/nofp/libc_nano.a(lib_a-mprec.o)
                0x0000000008004118                __ratio
 .text.__copybits
                0x0000000008004174       0x46 /usr/share/gcc-arm-none-eabi-10.3-2021.10/bin/../lib/gcc/arm-none-eabi/10.3.1/../../../../arm-none-eabi/lib/thumb/v7e-m/nofp/libc_nano.a(lib_a-mprec.o)
                0x0000000008004174                __copybits
 .text.__any_on
                0x00000000080041ba       0x42 /usr/share/gcc-arm-none-eabi-10.3-2021.10/bin/../lib/gcc/arm-none-eabi/10.3.1/../../../../arm-none-eabi/lib/thumb/v7e-m/nofp/libc_nano.a(lib_a-mprec.o)
                0x00000000080041ba                __any_on
 .text._calloc_r
                0x00000000080041fc       0x28 /usr/share/gcc-arm-none-eabi-10.3-2021.10/bin/../lib/gcc/arm-none-eabi/10.3.1/../../../../arm-none-eabi/lib/thumb/v7e-m/nofp/libc_nano.a(lib_a-nano-callocr.o)
                0x00000000080041fc                _calloc_r
 .text._free_r  0x0000000008004224       0x94 /usr/share/gcc-arm-none-eabi-10.3-2021.10/bin/../lib/gcc/arm-none-eabi/10.3.1/../../../../arm-none-eabi/lib/thumb/v7e-m/nofp/libc_nano.a(lib_a-nano-freer.o)
                0x0000000008004224                _free_r
 .text.__ssputs_r
                0x00000000080042b8       0xb6 /usr/share/gcc-arm-none-eabi-10.3-2021.10/bin/../lib/gcc/arm-none-eabi/10.3.1/../../../../arm-none-eabi/lib/thumb/v7e-m/nofp/libc_nano.a(lib_a-nano-svfprintf.o)
                0x00000000080042b8                __ssputs_r
 *fill*         0x000000000800436e        0x2 
 .text._svfprintf_r
                0x0000000008004370      0x200 /usr/share/gcc-arm-none-eabi-10.3-2021.10/bin/../lib/gcc/arm-none-eabi/10.3.1/../../../../arm-none-eabi/lib/thumb/v7e-m/nofp/libc_nano.a(lib_a-nano-svfprintf.o)
                0x0000000008004370                _svfprintf_r
                0x0000000008004370                _svfiprintf_r
 .text.nan      0x0000000008004570        0xc /usr/share/gcc-arm-none-eabi-10.3-2021.10/bin/../lib/gcc/arm-none-eabi/10.3.1/../../../../arm-none-eabi/lib/thumb/v7e-m/nofp/libc_nano.a(lib_a-s_nan.o)
                0x0000000008004570                nan
 .text.strncmp  0x000000000800457c       0x28 /usr/share/gcc-arm-none-eabi-10.3-2021.10/bin/../lib/gcc/arm-none-eabi/10.3.1/../../../../arm-none-eabi/lib/thumb/v7e-m/nofp/libc_nano.a(lib_a-strncmp.o)
                0x000000000800457c                strncmp
 .text.__ascii_wctomb
                0x00000000080045a4       0x1a /usr/share/gcc-arm-none-eabi-10.3-2021.10/bin/../lib/gcc/arm-none-eabi/10.3.1/../../../../arm-none-eabi/lib/thumb/v7e-m/nofp/libc_nano.a(lib_a-wctomb_r.o)
                0x00000000080045a4                __ascii_wctomb
 .text.memmove  0x00000000080045be       0x34 /usr/share/gcc-arm-none-eabi-10.3-2021.10/bin/../lib/gcc/arm-none-eabi/10.3.1/../../../../arm-none-eabi/lib/thumb/v7e-m/nofp/libc_nano.a(lib_a-memmove.o)
                0x00000000080045be                memmove
 .text._realloc_r
                0x00000000080045f2       0x5e /usr/share/gcc-arm-none-eabi-10.3-2021.10/bin/../lib/gcc/arm-none-eabi/10.3.1/../../../../arm-none-eabi/lib/thumb/v7e-m/nofp/libc_nano.a(lib_a-nano-reallocr.o)
                0x00000000080045f2                _realloc_r
 .text._malloc_usable_size_r
                0x0000000008004650       0x10 /usr/share/gcc-arm-none-eabi-10.3-2021.10/bin/../lib/gcc/arm-none-eabi/10.3.1/../../../../arm-none-eabi/lib/thumb/v7e-m/nofp/libc_nano.a(lib_a-nano-msizer.o)
                0x0000000008004650                _malloc_usable_size_r
 .text          0x0000000008004660      0x378 /usr/share/gcc-arm-none-eabi-10.3-2021.10/bin/../lib/gcc/arm-none-eabi/10.3.1/thumb/v7e-m/nofp/libgcc.a(_arm_addsubdf3.o)
                0x0000000008004660                __aeabi_drsub
                0x0000000008004668                __aeabi_dsub
                0x0000000008004668                __subdf3
                0x000000000800466c                __adddf3
                0x000000000800466c                __aeabi_dadd
                0x00000000080048e4                __aeabi_ui2d
                0x00000000080048e4                __floatunsidf
                0x0000000008004904                __floatsidf
                0x0000000008004904                __aeabi_i2d
                0x0000000008004928                __extendsfdf2
                0x0000000008004928                __aeabi_f2d
                0x000000000800496c                __aeabi_ul2d
                0x000000000800496c                __floatundidf
                0x000000000800497c                __floatdidf
                0x000000000800497c                __aeabi_l2d
 .text          0x00000000080049d8      0x424 /usr/share/gcc-arm-none-eabi-10.3-2021.10/bin/../lib/gcc/arm-none-eabi/10.3.1/thumb/v7e-m/nofp/libgcc.a(_arm_muldivdf3.o)
                0x00000000080049d8                __aeabi_dmul
                0x00000000080049d8                __muldf3
                0x0000000008004c2c                __aeabi_ddiv
                0x0000000008004c2c                __divdf3
 .text          0x0000000008004dfc      0x110 /usr/share/gcc-arm-none-eabi-10.3-2021.10/bin/../lib/gcc/arm-none-eabi/10.3.1/thumb/v7e-m/nofp/libgcc.a(_arm_cmpdf2.o)
                0x0000000008004dfc                __gtdf2
                0x0000000008004dfc                __gedf2
                0x0000000008004e04                __ltdf2
                0x0000000008004e04                __ledf2
                0x0000000008004e0c                __cmpdf2
                0x0000000008004e0c                __eqdf2
                0x0000000008004e0c                __nedf2
                0x0000000008004e88                __aeabi_cdrcmple
                0x0000000008004e98                __aeabi_cdcmple
                0x0000000008004e98                __aeabi_cdcmpeq
                0x0000000008004ea8                __aeabi_dcmpeq
                0x0000000008004ebc                __aeabi_dcmplt
                0x0000000008004ed0                __aeabi_dcmple
                0x0000000008004ee4                __aeabi_dcmpge
                0x0000000008004ef8                __aeabi_dcmpgt
 .text          0x0000000008004f0c       0x2c /usr/share/gcc-arm-none-eabi-10.3-2021.10/bin/../lib/gcc/arm-none-eabi/10.3.1/thumb/v7e-m/nofp/libgcc.a(_arm_unorddf2.o)
                0x0000000008004f0c                __aeabi_dcmpun
                0x0000000008004f0c                __unorddf2
 .text          0x0000000008004f38       0x50 /usr/share/gcc-arm-none-eabi-10.3-2021.10/bin/../lib/gcc/arm-none-eabi/10.3.1/thumb/v7e-m/nofp/libgcc.a(_arm_fixdfsi.o)
                0x0000000008004f38                __fixdfsi
                0x0000000008004f38                __aeabi_d2iz
 .text          0x0000000008004f88       0x40 /usr/share/gcc-arm-none-eabi-10.3-2021.10/bin/../lib/gcc/arm-none-eabi/10.3.1/thumb/v7e-m/nofp/libgcc.a(_arm_fixunsdfsi.o)
                0x0000000008004f88                __fixunsdfsi
                0x0000000008004f88                __aeabi_d2uiz
 .text          0x0000000008004fc8       0xa0 /usr/share/gcc-arm-none-eabi-10.3-2021.10/bin/../lib/gcc/arm-none-eabi/10.3.1/thumb/v7e-m/nofp/libgcc.a(_arm_truncdfsf2.o)
                0x0000000008004fc8                __aeabi_d2f
                0x0000000008004fc8                __truncdfsf2
 .text          0x0000000008005068       0x34 /usr/share/gcc-arm-none-eabi-10.3-2021.10/bin/../lib/gcc/arm-none-eabi/10.3.1/thumb/v7e-m/nofp/libgcc.a(_fixdfdi.o)
                0x0000000008005068                __aeabi_d2lz
                0x0000000008005068                __fixdfdi
 .text          0x000000000800509c       0x3c /usr/share/gcc-arm-none-eabi-10.3-2021.10/bin/../lib/gcc/arm-none-eabi/10.3.1/thumb/v7e-m/nofp/libgcc.a(_fixunsdfdi.o)
                0x000000000800509c                __aeabi_d2ulz
                0x000000000800509c                __fixunsdfdi
 *(.rodata .rodata.* .constdata .constdata.*)
 .rodata.isSemihosting.str1.4
                0x00000000080050d8        0x4 CMakeFiles/Application.dir/system/src/cortexm/exception_handlers.c.obj
 .rodata.initialise_monitor_handles.str1.4
                0x00000000080050dc        0x4 CMakeFiles/Application.dir/system/src/newlib/_syscalls.c.obj
 .rodata._ctype_
                0x00000000080050dc      0x101 /usr/share/gcc-arm-none-eabi-10.3-2021.10/bin/../lib/gcc/arm-none-eabi/10.3.1/../../../../arm-none-eabi/lib/thumb/v7e-m/nofp/libc_nano.a(lib_a-ctype_.o)
                0x00000000080050dc                _ctype_
 *fill*         0x00000000080051dd        0x3 
 .rodata.__sf_fake_stderr
                0x00000000080051e0       0x20 /usr/share/gcc-arm-none-eabi-10.3-2021.10/bin/../lib/gcc/arm-none-eabi/10.3.1/../../../../arm-none-eabi/lib/thumb/v7e-m/nofp/libc_nano.a(lib_a-findfp.o)
                0x00000000080051e0                __sf_fake_stderr
 .rodata.__sf_fake_stdin
                0x0000000008005200       0x20 /usr/share/gcc-arm-none-eabi-10.3-2021.10/bin/../lib/gcc/arm-none-eabi/10.3.1/../../../../arm-none-eabi/lib/thumb/v7e-m/nofp/libc_nano.a(lib_a-findfp.o)
                0x0000000008005200                __sf_fake_stdin
 .rodata.__sf_fake_stdout
                0x0000000008005220       0x20 /usr/share/gcc-arm-none-eabi-10.3-2021.10/bin/../lib/gcc/arm-none-eabi/10.3.1/../../../../arm-none-eabi/lib/thumb/v7e-m/nofp/libc_nano.a(lib_a-findfp.o)
                0x0000000008005220                __sf_fake_stdout
 .rodata._printf_float.str1.1
                0x0000000008005240       0x12 /usr/share/gcc-arm-none-eabi-10.3-2021.10/bin/../lib/gcc/arm-none-eabi/10.3.1/../../../../arm-none-eabi/lib/thumb/v7e-m/nofp/libc_nano.a(lib_a-nano-vfprintf_float.o)
 .rodata._printf_i.str1.1
                0x0000000008005252       0x22 /usr/share/gcc-arm-none-eabi-10.3-2021.10/bin/../lib/gcc/arm-none-eabi/10.3.1/../../../../arm-none-eabi/lib/thumb/v7e-m/nofp/libc_nano.a(lib_a-nano-vfprintf_i.o)
 .rodata._scanf_float.str1.1
                0x0000000008005274        0x5 /usr/share/gcc-arm-none-eabi-10.3-2021.10/bin/../lib/gcc/arm-none-eabi/10.3.1/../../../../arm-none-eabi/lib/thumb/v7e-m/nofp/libc_nano.a(lib_a-nano-vfscanf_float.o)
                                          0x6 (size before relaxing)
 .rodata._strtod_l.str1.1
                0x0000000008005279        0x5 /usr/share/gcc-arm-none-eabi-10.3-2021.10/bin/../lib/gcc/arm-none-eabi/10.3.1/../../../../arm-none-eabi/lib/thumb/v7e-m/nofp/libc_nano.a(lib_a-strtod.o)
                                          0xd (size before relaxing)
 *fill*         0x0000000008005279        0x3 
 .rodata.fpi.1  0x000000000800527c       0x14 /usr/share/gcc-arm-none-eabi-10.3-2021.10/bin/../lib/gcc/arm-none-eabi/10.3.1/../../../../arm-none-eabi/lib/thumb/v7e-m/nofp/libc_nano.a(lib_a-strtod.o)
 .rodata.fpinan.0
                0x0000000008005290       0x14 /usr/share/gcc-arm-none-eabi-10.3-2021.10/bin/../lib/gcc/arm-none-eabi/10.3.1/../../../../arm-none-eabi/lib/thumb/v7e-m/nofp/libc_nano.a(lib_a-strtod.o)
 *fill*         0x00000000080052a4        0x4 
 .rodata.tinytens
                0x00000000080052a8       0x28 /usr/share/gcc-arm-none-eabi-10.3-2021.10/bin/../lib/gcc/arm-none-eabi/10.3.1/../../../../arm-none-eabi/lib/thumb/v7e-m/nofp/libc_nano.a(lib_a-strtod.o)
 .rodata._dtoa_r.str1.1
                0x00000000080052d0       0xb3 /usr/share/gcc-arm-none-eabi-10.3-2021.10/bin/../lib/gcc/arm-none-eabi/10.3.1/../../../../arm-none-eabi/lib/thumb/v7e-m/nofp/libc_nano.a(lib_a-dtoa.o)
                                         0xb5 (size before relaxing)
 .rodata.__gethex.str1.1
                0x0000000008005383       0x86 /usr/share/gcc-arm-none-eabi-10.3-2021.10/bin/../lib/gcc/arm-none-eabi/10.3.1/../../../../arm-none-eabi/lib/thumb/v7e-m/nofp/libc_nano.a(lib_a-gdtoa-gethex.o)
                                         0x97 (size before relaxing)
 .rodata.str1.1
                0x0000000008005409        0x2 /usr/share/gcc-arm-none-eabi-10.3-2021.10/bin/../lib/gcc/arm-none-eabi/10.3.1/../../../../arm-none-eabi/lib/thumb/v7e-m/nofp/libc_nano.a(lib_a-lnumeric.o)
                                          0x3 (size before relaxing)
 *fill*         0x000000000800540b        0x1 
 .rodata._C_numeric_locale
                0x000000000800540c        0xc /usr/share/gcc-arm-none-eabi-10.3-2021.10/bin/../lib/gcc/arm-none-eabi/10.3.1/../../../../arm-none-eabi/lib/thumb/v7e-m/nofp/libc_nano.a(lib_a-lnumeric.o)
                0x000000000800540c                _C_numeric_locale
 .rodata._setlocale_r.str1.1
                0x0000000008005418        0x8 /usr/share/gcc-arm-none-eabi-10.3-2021.10/bin/../lib/gcc/arm-none-eabi/10.3.1/../../../../arm-none-eabi/lib/thumb/v7e-m/nofp/libc_nano.a(lib_a-locale.o)
                                          0x9 (size before relaxing)
 .rodata.str1.1
                0x0000000008005420        0x2 /usr/share/gcc-arm-none-eabi-10.3-2021.10/bin/../lib/gcc/arm-none-eabi/10.3.1/../../../../arm-none-eabi/lib/thumb/v7e-m/nofp/libc_nano.a(lib_a-locale.o)
 .rodata._Balloc.str1.1
                0x0000000008005420       0x7f /usr/share/gcc-arm-none-eabi-10.3-2021.10/bin/../lib/gcc/arm-none-eabi/10.3.1/../../../../arm-none-eabi/lib/thumb/v7e-m/nofp/libc_nano.a(lib_a-mprec.o)
                                         0x96 (size before relaxing)
 .rodata.__multadd.str1.1
                0x000000000800549f       0x11 /usr/share/gcc-arm-none-eabi-10.3-2021.10/bin/../lib/gcc/arm-none-eabi/10.3.1/../../../../arm-none-eabi/lib/thumb/v7e-m/nofp/libc_nano.a(lib_a-mprec.o)
 *fill*         0x000000000800549f        0x1 
 .rodata.__mprec_bigtens
                0x00000000080054a0       0x28 /usr/share/gcc-arm-none-eabi-10.3-2021.10/bin/../lib/gcc/arm-none-eabi/10.3.1/../../../../arm-none-eabi/lib/thumb/v7e-m/nofp/libc_nano.a(lib_a-mprec.o)
                0x00000000080054a0                __mprec_bigtens
 .rodata.__mprec_tens
                0x00000000080054c8       0xc8 /usr/share/gcc-arm-none-eabi-10.3-2021.10/bin/../lib/gcc/arm-none-eabi/10.3.1/../../../../arm-none-eabi/lib/thumb/v7e-m/nofp/libc_nano.a(lib_a-mprec.o)
                0x00000000080054c8                __mprec_tens
 .rodata.p05.0  0x0000000008005590        0xc /usr/share/gcc-arm-none-eabi-10.3-2021.10/bin/../lib/gcc/arm-none-eabi/10.3.1/../../../../arm-none-eabi/lib/thumb/v7e-m/nofp/libc_nano.a(lib_a-mprec.o)
 .rodata._svfprintf_r.str1.1
                0x000000000800559c       0x11 /usr/share/gcc-arm-none-eabi-10.3-2021.10/bin/../lib/gcc/arm-none-eabi/10.3.1/../../../../arm-none-eabi/lib/thumb/v7e-m/nofp/libc_nano.a(lib_a-nano-svfprintf.o)
 *(vtable)
 *(.eh_frame*)
 *(.glue_7)
 .glue_7        0x00000000080055ad        0x0 linker stubs
 *(.glue_7t)
 .glue_7t       0x00000000080055ad        0x0 linker stubs

.vfp11_veneer   0x00000000080055b0        0x0
 .vfp11_veneer  0x00000000080055b0        0x0 linker stubs

.v4_bx          0x00000000080055b0        0x0
 .v4_bx         0x00000000080055b0        0x0 linker stubs

.iplt           0x00000000080055b0        0x0
 .iplt          0x00000000080055b0        0x0 CMakeFiles/Application.dir/src/main.cpp.obj

.ARM.extab
 *(.ARM.extab* .gnu.linkonce.armextab.*)
                0x00000000080055b0                . = ALIGN (0x4)
                0x00000000080055b0                __exidx_start = .

.ARM.exidx      0x00000000080055b0        0x8
 *(.ARM.exidx* .gnu.linkonce.armexidx.*)
 .ARM.exidx.text._ZL5sleepm
                0x00000000080055b0        0x8 CMakeFiles/Application.dir/src/main.cpp.obj
 .ARM.exidx.text.main
                0x00000000080055b8        0x0 CMakeFiles/Application.dir/src/main.cpp.obj
                                          0x8 (size before relaxing)
 .ARM.exidx.text.SysTick_Handler
                0x00000000080055b8        0x0 CMakeFiles/Application.dir/src/main.cpp.obj
                                          0x8 (size before relaxing)
                0x00000000080055b8                __exidx_end = .

.rel.dyn        0x00000000080055b8        0x0
 .rel.iplt      0x00000000080055b8        0x0 CMakeFiles/Application.dir/src/main.cpp.obj
                0x00000000080055b8                . = ALIGN (0x4)
                0x00000000080055b8                _etext = .
                0x00000000080055b8                __etext = .

.data_CCMRAM    0x0000000010000000        0x0 load address 0x00000000080055b8
 FILL mask 0xff
 *(.data.CCMRAM .data.CCMRAM.*)
                0x0000000010000000                . = ALIGN (0x4)
                0x00000000080055b8                _sidata = LOADADDR (.data)

.data           0x0000000020000024      0x1f0 load address 0x00000000080055b8
 FILL mask 0xff
                0x0000000020000024                _sdata = .
                0x0000000020000024                __data_start__ = .
 *(.data_begin .data_begin.*)
 .data_begin    0x0000000020000024        0x4 CMakeFiles/Application.dir/system/src/newlib/_startup.c.obj
 *(.data .data.*)
 .data.AHBPrescTable
                0x0000000020000028       0x10 CMakeFiles/Application.dir/system/src/cmsis/system_stm32f4xx.c.obj
                0x0000000020000028                AHBPrescTable
 .data.SystemCoreClock
                0x0000000020000038        0x4 CMakeFiles/Application.dir/system/src/cmsis/system_stm32f4xx.c.obj
                0x0000000020000038                SystemCoreClock
 .data._impure_ptr
                0x000000002000003c        0x4 /usr/share/gcc-arm-none-eabi-10.3-2021.10/bin/../lib/gcc/arm-none-eabi/10.3.1/../../../../arm-none-eabi/lib/thumb/v7e-m/nofp/libc_nano.a(lib_a-impure.o)
                0x000000002000003c                _impure_ptr
 .data.impure_data
                0x0000000020000040       0x60 /usr/share/gcc-arm-none-eabi-10.3-2021.10/bin/../lib/gcc/arm-none-eabi/10.3.1/../../../../arm-none-eabi/lib/thumb/v7e-m/nofp/libc_nano.a(lib_a-impure.o)
 .data.numempty
                0x00000000200000a0        0x2 /usr/share/gcc-arm-none-eabi-10.3-2021.10/bin/../lib/gcc/arm-none-eabi/10.3.1/../../../../arm-none-eabi/lib/thumb/v7e-m/nofp/libc_nano.a(lib_a-lnumeric.o)
 *fill*         0x00000000200000a2        0x2 ff
 .data.__global_locale
                0x00000000200000a4      0x16c /usr/share/gcc-arm-none-eabi-10.3-2021.10/bin/../lib/gcc/arm-none-eabi/10.3.1/../../../../arm-none-eabi/lib/thumb/v7e-m/nofp/libc_nano.a(lib_a-locale.o)
                0x00000000200000a4                __global_locale
 *(.data_end .data_end.*)
 .data_end      0x0000000020000210        0x4 CMakeFiles/Application.dir/system/src/newlib/_startup.c.obj
                0x0000000020000214                . = ALIGN (0x4)
                0x0000000020000214                _edata = .
                0x0000000020000214                __data_end__ = .

.igot.plt       0x0000000020000214        0x0 load address 0x00000000080057a8
 .igot.plt      0x0000000020000214        0x0 CMakeFiles/Application.dir/src/main.cpp.obj

.bss_CCMRAM     0x0000000010000000        0x0
 *(.bss.CCMRAM .bss.CCMRAM.*)

.bss            0x0000000020000214      0x144
                0x0000000020000214                __bss_start__ = .
                0x0000000020000214                _sbss = .
 *(.bss_begin .bss_begin.*)
 .bss_begin     0x0000000020000214        0x4 CMakeFiles/Application.dir/system/src/newlib/_startup.c.obj
 *(.bss .bss.*)
 .bss._ZL11delay_count
                0x0000000020000218        0x4 CMakeFiles/Application.dir/src/main.cpp.obj
 .bss.current_heap_end.0
                0x000000002000021c        0x4 CMakeFiles/Application.dir/system/src/newlib/_sbrk.c.obj
 .bss.args_buf.1
                0x0000000020000220       0x50 CMakeFiles/Application.dir/system/src/newlib/_syscalls.c.obj
 .bss.argv_buf.0
                0x0000000020000270       0x28 CMakeFiles/Application.dir/system/src/newlib/_syscalls.c.obj
 .bss.errno     0x0000000020000298        0x4 CMakeFiles/Application.dir/system/src/newlib/_syscalls.c.obj
                0x0000000020000298                errno
 .bss.monitor_stderr
                0x000000002000029c        0x4 CMakeFiles/Application.dir/system/src/newlib/_syscalls.c.obj
 .bss.monitor_stdin
                0x00000000200002a0        0x4 CMakeFiles/Application.dir/system/src/newlib/_syscalls.c.obj
 .bss.monitor_stdout
                0x00000000200002a4        0x4 CMakeFiles/Application.dir/system/src/newlib/_syscalls.c.obj
 .bss.openfiles
                0x00000000200002a8       0xa0 CMakeFiles/Application.dir/system/src/newlib/_syscalls.c.obj
 .bss.__lock___malloc_recursive_mutex
                0x0000000020000348        0x1 /usr/share/gcc-arm-none-eabi-10.3-2021.10/bin/../lib/gcc/arm-none-eabi/10.3.1/../../../../arm-none-eabi/lib/thumb/v7e-m/nofp/libc_nano.a(lib_a-lock.o)
                0x0000000020000348                __lock___malloc_recursive_mutex
 *fill*         0x0000000020000349        0x3 
 .bss.__malloc_free_list
                0x000000002000034c        0x4 /usr/share/gcc-arm-none-eabi-10.3-2021.10/bin/../lib/gcc/arm-none-eabi/10.3.1/../../../../arm-none-eabi/lib/thumb/v7e-m/nofp/libc_nano.a(lib_a-nano-mallocr.o)
                0x000000002000034c                __malloc_free_list
 .bss.__malloc_sbrk_start
                0x0000000020000350        0x4 /usr/share/gcc-arm-none-eabi-10.3-2021.10/bin/../lib/gcc/arm-none-eabi/10.3.1/../../../../arm-none-eabi/lib/thumb/v7e-m/nofp/libc_nano.a(lib_a-nano-mallocr.o)
                0x0000000020000350                __malloc_sbrk_start
 *(COMMON)
 *(.bss_end .bss_end.*)
 .bss_end       0x0000000020000354        0x4 CMakeFiles/Application.dir/system/src/newlib/_startup.c.obj
                0x0000000020000358                . = ALIGN (0x4)
                0x0000000020000358                __bss_end__ = .
                0x0000000020000358                _ebss = .

.noinit_CCMRAM
 *(.noinit.CCMRAM .noinit.CCMRAM.*)

.noinit         0x0000000020000358        0x0
                0x0000000020000358                _noinit = .
 *(.noinit .noinit.*)
                0x0000000020000358                . = ALIGN (0x4)
                0x0000000020000358                _end_noinit = .
                [!provide]                        PROVIDE (end = _end_noinit)
                [!provide]                        PROVIDE (_end = _end_noinit)
                [!provide]                        PROVIDE (__end = _end_noinit)
                [!provide]                        PROVIDE (__end__ = _end_noinit)

._check_stack   0x0000000020000358      0x100
                0x0000000020000458                . = (. + _Minimum_Stack_Size)
 *fill*         0x0000000020000358      0x100 

.b1text
 *(.b1text)
 *(.b1rodata)
 *(.b1rodata.*)

.eb0text
 *(.eb0text)
 *(.eb0rodata)
 *(.eb0rodata.*)

.eb1text
 *(.eb1text)
 *(.eb1rodata)
 *(.eb1rodata.*)

.eb2text
 *(.eb2text)
 *(.eb2rodata)
 *(.eb2rodata.*)

.eb3text
 *(.eb3text)
 *(.eb3rodata)
 *(.eb3rodata.*)

.stab
 *(.stab)

.stabstr
 *(.stabstr)

.stab.excl
 *(.stab.excl)

.stab.exclstr
 *(.stab.exclstr)

.stab.index
 *(.stab.index)

.stab.indexstr
 *(.stab.indexstr)

.comment        0x0000000000000000       0x49
 *(.comment)
 .comment       0x0000000000000000       0x49 CMakeFiles/Application.dir/src/main.cpp.obj
                                         0x4a (size before relaxing)
 .comment       0x0000000000000049       0x4a CMakeFiles/Application.dir/system/src/cmsis/vectors_stm32f4xx.c.obj
 .comment       0x0000000000000049       0x4a CMakeFiles/Application.dir/system/src/cmsis/system_stm32f4xx.c.obj
 .comment       0x0000000000000049       0x4a CMakeFiles/Application.dir/system/src/cortexm/_initialize_hardware.c.obj
 .comment       0x0000000000000049       0x4a CMakeFiles/Application.dir/system/src/cortexm/exception_handlers.c.obj
 .comment       0x0000000000000049       0x4a CMakeFiles/Application.dir/system/src/newlib/_exit.c.obj
 .comment       0x0000000000000049       0x4a CMakeFiles/Application.dir/system/src/newlib/_sbrk.c.obj
 .comment       0x0000000000000049       0x4a CMakeFiles/Application.dir/system/src/newlib/_startup.c.obj
 .comment       0x0000000000000049       0x4a CMakeFiles/Application.dir/system/src/newlib/_syscalls.c.obj
 .comment       0x0000000000000049       0x4a CMakeFiles/Application.dir/system/src/newlib/assert.c.obj

.ARM.attributes
                0x0000000000000000       0x2c
 .ARM.attributes
                0x0000000000000000       0x2e CMakeFiles/Application.dir/src/main.cpp.obj
 .ARM.attributes
                0x000000000000002e       0x2e CMakeFiles/Application.dir/system/src/cmsis/vectors_stm32f4xx.c.obj
 .ARM.attributes
                0x000000000000005c       0x2e CMakeFiles/Application.dir/system/src/cmsis/system_stm32f4xx.c.obj
 .ARM.attributes
                0x000000000000008a       0x2e CMakeFiles/Application.dir/system/src/cortexm/_initialize_hardware.c.obj
 .ARM.attributes
                0x00000000000000b8       0x2e CMakeFiles/Application.dir/system/src/cortexm/exception_handlers.c.obj
 .ARM.attributes
                0x00000000000000e6       0x2e CMakeFiles/Application.dir/system/src/newlib/_exit.c.obj
 .ARM.attributes
                0x0000000000000114       0x2e CMakeFiles/Application.dir/system/src/newlib/_sbrk.c.obj
 .ARM.attributes
                0x0000000000000142       0x2e CMakeFiles/Application.dir/system/src/newlib/_startup.c.obj
 .ARM.attributes
                0x0000000000000170       0x2e CMakeFiles/Application.dir/system/src/newlib/_syscalls.c.obj
 .ARM.attributes
                0x000000000000019e       0x2e CMakeFiles/Application.dir/system/src/newlib/assert.c.obj
 .ARM.attributes
                0x00000000000001cc       0x2e /usr/share/gcc-arm-none-eabi-10.3-2021.10/bin/../lib/gcc/arm-none-eabi/10.3.1/../../../../arm-none-eabi/lib/thumb/v7e-m/nofp/libc_nano.a(lib_a-ctype_.o)
 .ARM.attributes
                0x00000000000001fa       0x2e /usr/share/gcc-arm-none-eabi-10.3-2021.10/bin/../lib/gcc/arm-none-eabi/10.3.1/../../../../arm-none-eabi/lib/thumb/v7e-m/nofp/libc_nano.a(lib_a-errno.o)
 .ARM.attributes
                0x0000000000000228       0x2e /usr/share/gcc-arm-none-eabi-10.3-2021.10/bin/../lib/gcc/arm-none-eabi/10.3.1/../../../../arm-none-eabi/lib/thumb/v7e-m/nofp/libc_nano.a(lib_a-findfp.o)
 .ARM.attributes
                0x0000000000000256       0x2e /usr/share/gcc-arm-none-eabi-10.3-2021.10/bin/../lib/gcc/arm-none-eabi/10.3.1/../../../../arm-none-eabi/lib/thumb/v7e-m/nofp/libc_nano.a(lib_a-impure.o)
 .ARM.attributes
                0x0000000000000284       0x2e /usr/share/gcc-arm-none-eabi-10.3-2021.10/bin/../lib/gcc/arm-none-eabi/10.3.1/../../../../arm-none-eabi/lib/thumb/v7e-m/nofp/libc_nano.a(lib_a-lock.o)
 .ARM.attributes
                0x00000000000002b2       0x2e /usr/share/gcc-arm-none-eabi-10.3-2021.10/bin/../lib/gcc/arm-none-eabi/10.3.1/../../../../arm-none-eabi/lib/thumb/v7e-m/nofp/libc_nano.a(lib_a-memset.o)
 .ARM.attributes
                0x00000000000002e0       0x2e /usr/share/gcc-arm-none-eabi-10.3-2021.10/bin/../lib/gcc/arm-none-eabi/10.3.1/../../../../arm-none-eabi/lib/thumb/v7e-m/nofp/libc_nano.a(lib_a-nano-mallocr.o)
 .ARM.attributes
                0x000000000000030e       0x2e /usr/share/gcc-arm-none-eabi-10.3-2021.10/bin/../lib/gcc/arm-none-eabi/10.3.1/../../../../arm-none-eabi/lib/thumb/v7e-m/nofp/libc_nano.a(lib_a-nano-vfprintf_float.o)
 .ARM.attributes
                0x000000000000033c       0x2e /usr/share/gcc-arm-none-eabi-10.3-2021.10/bin/../lib/gcc/arm-none-eabi/10.3.1/../../../../arm-none-eabi/lib/thumb/v7e-m/nofp/libc_nano.a(lib_a-nano-vfprintf_i.o)
 .ARM.attributes
                0x000000000000036a       0x2e /usr/share/gcc-arm-none-eabi-10.3-2021.10/bin/../lib/gcc/arm-none-eabi/10.3.1/../../../../arm-none-eabi/lib/thumb/v7e-m/nofp/libc_nano.a(lib_a-nano-vfscanf_float.o)
 .ARM.attributes
                0x0000000000000398       0x2e /usr/share/gcc-arm-none-eabi-10.3-2021.10/bin/../lib/gcc/arm-none-eabi/10.3.1/../../../../arm-none-eabi/lib/thumb/v7e-m/nofp/libc_nano.a(lib_a-sbrkr.o)
 .ARM.attributes
                0x00000000000003c6       0x2e /usr/share/gcc-arm-none-eabi-10.3-2021.10/bin/../lib/gcc/arm-none-eabi/10.3.1/../../../../arm-none-eabi/lib/thumb/v7e-m/nofp/libc_nano.a(lib_a-sf_nan.o)
 .ARM.attributes
                0x00000000000003f4       0x2e /usr/share/gcc-arm-none-eabi-10.3-2021.10/bin/../lib/gcc/arm-none-eabi/10.3.1/../../../../arm-none-eabi/lib/thumb/v7e-m/nofp/libc_nano.a(lib_a-sprintf.o)
 .ARM.attributes
                0x0000000000000422       0x1c /usr/share/gcc-arm-none-eabi-10.3-2021.10/bin/../lib/gcc/arm-none-eabi/10.3.1/../../../../arm-none-eabi/lib/thumb/v7e-m/nofp/libc_nano.a(lib_a-strcmp.o)
 .ARM.attributes
                0x000000000000043e       0x17 /usr/share/gcc-arm-none-eabi-10.3-2021.10/bin/../lib/gcc/arm-none-eabi/10.3.1/../../../../arm-none-eabi/lib/thumb/v7e-m/nofp/libc_nano.a(lib_a-strlen.o)
 .ARM.attributes
                0x0000000000000455       0x2e /usr/share/gcc-arm-none-eabi-10.3-2021.10/bin/../lib/gcc/arm-none-eabi/10.3.1/../../../../arm-none-eabi/lib/thumb/v7e-m/nofp/libc_nano.a(lib_a-strtod.o)
 .ARM.attributes
                0x0000000000000483       0x2e /usr/share/gcc-arm-none-eabi-10.3-2021.10/bin/../lib/gcc/arm-none-eabi/10.3.1/../../../../arm-none-eabi/lib/thumb/v7e-m/nofp/libc_nano.a(lib_a-strtol.o)
 .ARM.attributes
                0x00000000000004b1       0x2e /usr/share/gcc-arm-none-eabi-10.3-2021.10/bin/../lib/gcc/arm-none-eabi/10.3.1/../../../../arm-none-eabi/lib/thumb/v7e-m/nofp/libc_nano.a(lib_a-dtoa.o)
 .ARM.attributes
                0x00000000000004df       0x2e /usr/share/gcc-arm-none-eabi-10.3-2021.10/bin/../lib/gcc/arm-none-eabi/10.3.1/../../../../arm-none-eabi/lib/thumb/v7e-m/nofp/libc_nano.a(lib_a-gdtoa-gethex.o)
 .ARM.attributes
                0x000000000000050d       0x2e /usr/share/gcc-arm-none-eabi-10.3-2021.10/bin/../lib/gcc/arm-none-eabi/10.3.1/../../../../arm-none-eabi/lib/thumb/v7e-m/nofp/libc_nano.a(lib_a-gdtoa-hexnan.o)
 .ARM.attributes
                0x000000000000053b       0x2e /usr/share/gcc-arm-none-eabi-10.3-2021.10/bin/../lib/gcc/arm-none-eabi/10.3.1/../../../../arm-none-eabi/lib/thumb/v7e-m/nofp/libc_nano.a(lib_a-lnumeric.o)
 .ARM.attributes
                0x0000000000000569       0x2e /usr/share/gcc-arm-none-eabi-10.3-2021.10/bin/../lib/gcc/arm-none-eabi/10.3.1/../../../../arm-none-eabi/lib/thumb/v7e-m/nofp/libc_nano.a(lib_a-locale.o)
 .ARM.attributes
                0x0000000000000597       0x2e /usr/share/gcc-arm-none-eabi-10.3-2021.10/bin/../lib/gcc/arm-none-eabi/10.3.1/../../../../arm-none-eabi/lib/thumb/v7e-m/nofp/libc_nano.a(lib_a-localeconv.o)
 .ARM.attributes
                0x00000000000005c5       0x2e /usr/share/gcc-arm-none-eabi-10.3-2021.10/bin/../lib/gcc/arm-none-eabi/10.3.1/../../../../arm-none-eabi/lib/thumb/v7e-m/nofp/libc_nano.a(lib_a-malloc.o)
 .ARM.attributes
                0x00000000000005f3       0x2e /usr/share/gcc-arm-none-eabi-10.3-2021.10/bin/../lib/gcc/arm-none-eabi/10.3.1/../../../../arm-none-eabi/lib/thumb/v7e-m/nofp/libc_nano.a(lib_a-mbtowc_r.o)
 .ARM.attributes
                0x0000000000000621       0x1c /usr/share/gcc-arm-none-eabi-10.3-2021.10/bin/../lib/gcc/arm-none-eabi/10.3.1/../../../../arm-none-eabi/lib/thumb/v7e-m/nofp/libc_nano.a(lib_a-memchr.o)
 .ARM.attributes
                0x000000000000063d       0x2e /usr/share/gcc-arm-none-eabi-10.3-2021.10/bin/../lib/gcc/arm-none-eabi/10.3.1/../../../../arm-none-eabi/lib/thumb/v7e-m/nofp/libc_nano.a(lib_a-memcpy-stub.o)
 .ARM.attributes
                0x000000000000066b       0x2e /usr/share/gcc-arm-none-eabi-10.3-2021.10/bin/../lib/gcc/arm-none-eabi/10.3.1/../../../../arm-none-eabi/lib/thumb/v7e-m/nofp/libc_nano.a(lib_a-mlock.o)
 .ARM.attributes
                0x0000000000000699       0x2e /usr/share/gcc-arm-none-eabi-10.3-2021.10/bin/../lib/gcc/arm-none-eabi/10.3.1/../../../../arm-none-eabi/lib/thumb/v7e-m/nofp/libc_nano.a(lib_a-mprec.o)
 .ARM.attributes
                0x00000000000006c7       0x2e /usr/share/gcc-arm-none-eabi-10.3-2021.10/bin/../lib/gcc/arm-none-eabi/10.3.1/../../../../arm-none-eabi/lib/thumb/v7e-m/nofp/libc_nano.a(lib_a-nano-callocr.o)
 .ARM.attributes
                0x00000000000006f5       0x2e /usr/share/gcc-arm-none-eabi-10.3-2021.10/bin/../lib/gcc/arm-none-eabi/10.3.1/../../../../arm-none-eabi/lib/thumb/v7e-m/nofp/libc_nano.a(lib_a-nano-freer.o)
 .ARM.attributes
                0x0000000000000723       0x2e /usr/share/gcc-arm-none-eabi-10.3-2021.10/bin/../lib/gcc/arm-none-eabi/10.3.1/../../../../arm-none-eabi/lib/thumb/v7e-m/nofp/libc_nano.a(lib_a-nano-svfprintf.o)
 .ARM.attributes
                0x0000000000000751       0x2e /usr/share/gcc-arm-none-eabi-10.3-2021.10/bin/../lib/gcc/arm-none-eabi/10.3.1/../../../../arm-none-eabi/lib/thumb/v7e-m/nofp/libc_nano.a(lib_a-s_nan.o)
 .ARM.attributes
                0x000000000000077f       0x2e /usr/share/gcc-arm-none-eabi-10.3-2021.10/bin/../lib/gcc/arm-none-eabi/10.3.1/../../../../arm-none-eabi/lib/thumb/v7e-m/nofp/libc_nano.a(lib_a-strncmp.o)
 .ARM.attributes
                0x00000000000007ad       0x2e /usr/share/gcc-arm-none-eabi-10.3-2021.10/bin/../lib/gcc/arm-none-eabi/10.3.1/../../../../arm-none-eabi/lib/thumb/v7e-m/nofp/libc_nano.a(lib_a-wctomb_r.o)
 .ARM.attributes
                0x00000000000007db       0x2e /usr/share/gcc-arm-none-eabi-10.3-2021.10/bin/../lib/gcc/arm-none-eabi/10.3.1/../../../../arm-none-eabi/lib/thumb/v7e-m/nofp/libc_nano.a(lib_a-memmove.o)
 .ARM.attributes
                0x0000000000000809       0x2e /usr/share/gcc-arm-none-eabi-10.3-2021.10/bin/../lib/gcc/arm-none-eabi/10.3.1/../../../../arm-none-eabi/lib/thumb/v7e-m/nofp/libc_nano.a(lib_a-nano-reallocr.o)
 .ARM.attributes
                0x0000000000000837       0x2e /usr/share/gcc-arm-none-eabi-10.3-2021.10/bin/../lib/gcc/arm-none-eabi/10.3.1/../../../../arm-none-eabi/lib/thumb/v7e-m/nofp/libc_nano.a(lib_a-nano-msizer.o)
 .ARM.attributes
                0x0000000000000865       0x1e /usr/share/gcc-arm-none-eabi-10.3-2021.10/bin/../lib/gcc/arm-none-eabi/10.3.1/thumb/v7e-m/nofp/libgcc.a(_arm_addsubdf3.o)
 .ARM.attributes
                0x0000000000000883       0x1e /usr/share/gcc-arm-none-eabi-10.3-2021.10/bin/../lib/gcc/arm-none-eabi/10.3.1/thumb/v7e-m/nofp/libgcc.a(_arm_muldivdf3.o)
 .ARM.attributes
                0x00000000000008a1       0x1e /usr/share/gcc-arm-none-eabi-10.3-2021.10/bin/../lib/gcc/arm-none-eabi/10.3.1/thumb/v7e-m/nofp/libgcc.a(_arm_cmpdf2.o)
 .ARM.attributes
                0x00000000000008bf       0x1e /usr/share/gcc-arm-none-eabi-10.3-2021.10/bin/../lib/gcc/arm-none-eabi/10.3.1/thumb/v7e-m/nofp/libgcc.a(_arm_unorddf2.o)
 .ARM.attributes
                0x00000000000008dd       0x1e /usr/share/gcc-arm-none-eabi-10.3-2021.10/bin/../lib/gcc/arm-none-eabi/10.3.1/thumb/v7e-m/nofp/libgcc.a(_arm_fixdfsi.o)
 .ARM.attributes
                0x00000000000008fb       0x1e /usr/share/gcc-arm-none-eabi-10.3-2021.10/bin/../lib/gcc/arm-none-eabi/10.3.1/thumb/v7e-m/nofp/libgcc.a(_arm_fixunsdfsi.o)
 .ARM.attributes
                0x0000000000000919       0x1e /usr/share/gcc-arm-none-eabi-10.3-2021.10/bin/../lib/gcc/arm-none-eabi/10.3.1/thumb/v7e-m/nofp/libgcc.a(_arm_truncdfsf2.o)
 .ARM.attributes
                0x0000000000000937       0x2e /usr/share/gcc-arm-none-eabi-10.3-2021.10/bin/../lib/gcc/arm-none-eabi/10.3.1/thumb/v7e-m/nofp/libgcc.a(_fixdfdi.o)
 .ARM.attributes
                0x0000000000000965       0x2e /usr/share/gcc-arm-none-eabi-10.3-2021.10/bin/../lib/gcc/arm-none-eabi/10.3.1/thumb/v7e-m/nofp/libgcc.a(_fixunsdfdi.o)

.debug
 *(.debug)

.line
 *(.line)

.debug_srcinfo
 *(.debug_srcinfo)

.debug_sfnames
 *(.debug_sfnames)

.debug_aranges  0x0000000000000000      0x2f8
 *(.debug_aranges)
 .debug_aranges
                0x0000000000000000       0x30 CMakeFiles/Application.dir/src/main.cpp.obj
 .debug_aranges
                0x0000000000000030       0x20 CMakeFiles/Application.dir/system/src/cmsis/vectors_stm32f4xx.c.obj
 .debug_aranges
                0x0000000000000050       0x28 CMakeFiles/Application.dir/system/src/cmsis/system_stm32f4xx.c.obj
 .debug_aranges
                0x0000000000000078       0x28 CMakeFiles/Application.dir/system/src/cortexm/_initialize_hardware.c.obj
 .debug_aranges
                0x00000000000000a0       0x88 CMakeFiles/Application.dir/system/src/cortexm/exception_handlers.c.obj
 .debug_aranges
                0x0000000000000128       0x28 CMakeFiles/Application.dir/system/src/newlib/_exit.c.obj
 .debug_aranges
                0x0000000000000150       0x20 CMakeFiles/Application.dir/system/src/newlib/_sbrk.c.obj
 .debug_aranges
                0x0000000000000170       0x40 CMakeFiles/Application.dir/system/src/newlib/_startup.c.obj
 .debug_aranges
                0x00000000000001b0      0x120 CMakeFiles/Application.dir/system/src/newlib/_syscalls.c.obj
 .debug_aranges
                0x00000000000002d0       0x28 CMakeFiles/Application.dir/system/src/newlib/assert.c.obj

.debug_pubnames
 *(.debug_pubnames)

.debug_info     0x0000000000000000     0x42f9
 *(.debug_info .gnu.linkonce.wi.*)
 .debug_info    0x0000000000000000      0xc1f CMakeFiles/Application.dir/src/main.cpp.obj
 .debug_info    0x0000000000000c1f       0xce CMakeFiles/Application.dir/system/src/cmsis/vectors_stm32f4xx.c.obj
 .debug_info    0x0000000000000ced      0x517 CMakeFiles/Application.dir/system/src/cmsis/system_stm32f4xx.c.obj
 .debug_info    0x0000000000001204       0xc8 CMakeFiles/Application.dir/system/src/cortexm/_initialize_hardware.c.obj
 .debug_info    0x00000000000012cc      0x676 CMakeFiles/Application.dir/system/src/cortexm/exception_handlers.c.obj
 .debug_info    0x0000000000001942       0xeb CMakeFiles/Application.dir/system/src/newlib/_exit.c.obj
 .debug_info    0x0000000000001a2d      0x10b CMakeFiles/Application.dir/system/src/newlib/_sbrk.c.obj
 .debug_info    0x0000000000001b38      0x4b2 CMakeFiles/Application.dir/system/src/newlib/_startup.c.obj
 .debug_info    0x0000000000001fea     0x2174 CMakeFiles/Application.dir/system/src/newlib/_syscalls.c.obj
 .debug_info    0x000000000000415e      0x19b CMakeFiles/Application.dir/system/src/newlib/assert.c.obj

.debug_abbrev   0x0000000000000000     0x1005
 *(.debug_abbrev)
 .debug_abbrev  0x0000000000000000      0x32d CMakeFiles/Application.dir/src/main.cpp.obj
 .debug_abbrev  0x000000000000032d       0xa5 CMakeFiles/Application.dir/system/src/cmsis/vectors_stm32f4xx.c.obj
 .debug_abbrev  0x00000000000003d2      0x12f CMakeFiles/Application.dir/system/src/cmsis/system_stm32f4xx.c.obj
 .debug_abbrev  0x0000000000000501       0x67 CMakeFiles/Application.dir/system/src/cortexm/_initialize_hardware.c.obj
 .debug_abbrev  0x0000000000000568      0x277 CMakeFiles/Application.dir/system/src/cortexm/exception_handlers.c.obj
 .debug_abbrev  0x00000000000007df       0xab CMakeFiles/Application.dir/system/src/newlib/_exit.c.obj
 .debug_abbrev  0x000000000000088a       0xcd CMakeFiles/Application.dir/system/src/newlib/_sbrk.c.obj
 .debug_abbrev  0x0000000000000957      0x1c9 CMakeFiles/Application.dir/system/src/newlib/_startup.c.obj
 .debug_abbrev  0x0000000000000b20      0x41d CMakeFiles/Application.dir/system/src/newlib/_syscalls.c.obj
 .debug_abbrev  0x0000000000000f3d       0xc8 CMakeFiles/Application.dir/system/src/newlib/assert.c.obj

.debug_line     0x0000000000000000     0x3a05
 *(.debug_line)
 .debug_line    0x0000000000000000      0x607 CMakeFiles/Application.dir/src/main.cpp.obj
 .debug_line    0x0000000000000607      0x296 CMakeFiles/Application.dir/system/src/cmsis/vectors_stm32f4xx.c.obj
 .debug_line    0x000000000000089d      0x414 CMakeFiles/Application.dir/system/src/cmsis/system_stm32f4xx.c.obj
 .debug_line    0x0000000000000cb1      0x31a CMakeFiles/Application.dir/system/src/cortexm/_initialize_hardware.c.obj
 .debug_line    0x0000000000000fcb      0x852 CMakeFiles/Application.dir/system/src/cortexm/exception_handlers.c.obj
 .debug_line    0x000000000000181d      0x39a CMakeFiles/Application.dir/system/src/newlib/_exit.c.obj
 .debug_line    0x0000000000001bb7      0x34d CMakeFiles/Application.dir/system/src/newlib/_sbrk.c.obj
 .debug_line    0x0000000000001f04      0x5c8 CMakeFiles/Application.dir/system/src/newlib/_startup.c.obj
 .debug_line    0x00000000000024cc     0x1171 CMakeFiles/Application.dir/system/src/newlib/_syscalls.c.obj
 .debug_line    0x000000000000363d      0x3c8 CMakeFiles/Application.dir/system/src/newlib/assert.c.obj

.debug_frame    0x0000000000000000     0x1684
 *(.debug_frame)
 .debug_frame   0x0000000000000000       0x48 CMakeFiles/Application.dir/src/main.cpp.obj
 .debug_frame   0x0000000000000048       0x20 CMakeFiles/Application.dir/system/src/cmsis/vectors_stm32f4xx.c.obj
 .debug_frame   0x0000000000000068       0x30 CMakeFiles/Application.dir/system/src/cmsis/system_stm32f4xx.c.obj
 .debug_frame   0x0000000000000098       0x40 CMakeFiles/Application.dir/system/src/cortexm/_initialize_hardware.c.obj
 .debug_frame   0x00000000000000d8      0x10c CMakeFiles/Application.dir/system/src/cortexm/exception_handlers.c.obj
 .debug_frame   0x00000000000001e4       0x38 CMakeFiles/Application.dir/system/src/newlib/_exit.c.obj
 .debug_frame   0x000000000000021c       0x28 CMakeFiles/Application.dir/system/src/newlib/_sbrk.c.obj
 .debug_frame   0x0000000000000244       0x7c CMakeFiles/Application.dir/system/src/newlib/_startup.c.obj
 .debug_frame   0x00000000000002c0      0x3d8 CMakeFiles/Application.dir/system/src/newlib/_syscalls.c.obj
 .debug_frame   0x0000000000000698       0x40 CMakeFiles/Application.dir/system/src/newlib/assert.c.obj
 .debug_frame   0x00000000000006d8       0x20 /usr/share/gcc-arm-none-eabi-10.3-2021.10/bin/../lib/gcc/arm-none-eabi/10.3.1/../../../../arm-none-eabi/lib/thumb/v7e-m/nofp/libc_nano.a(lib_a-errno.o)
 .debug_frame   0x00000000000006f8      0x14c /usr/share/gcc-arm-none-eabi-10.3-2021.10/bin/../lib/gcc/arm-none-eabi/10.3.1/../../../../arm-none-eabi/lib/thumb/v7e-m/nofp/libc_nano.a(lib_a-findfp.o)
 .debug_frame   0x0000000000000844       0xb0 /usr/share/gcc-arm-none-eabi-10.3-2021.10/bin/../lib/gcc/arm-none-eabi/10.3.1/../../../../arm-none-eabi/lib/thumb/v7e-m/nofp/libc_nano.a(lib_a-lock.o)
 .debug_frame   0x00000000000008f4       0x20 /usr/share/gcc-arm-none-eabi-10.3-2021.10/bin/../lib/gcc/arm-none-eabi/10.3.1/../../../../arm-none-eabi/lib/thumb/v7e-m/nofp/libc_nano.a(lib_a-memset.o)
 .debug_frame   0x0000000000000914       0x4c /usr/share/gcc-arm-none-eabi-10.3-2021.10/bin/../lib/gcc/arm-none-eabi/10.3.1/../../../../arm-none-eabi/lib/thumb/v7e-m/nofp/libc_nano.a(lib_a-nano-mallocr.o)
 .debug_frame   0x0000000000000960       0x94 /usr/share/gcc-arm-none-eabi-10.3-2021.10/bin/../lib/gcc/arm-none-eabi/10.3.1/../../../../arm-none-eabi/lib/thumb/v7e-m/nofp/libc_nano.a(lib_a-nano-vfprintf_float.o)
 .debug_frame   0x00000000000009f4       0x60 /usr/share/gcc-arm-none-eabi-10.3-2021.10/bin/../lib/gcc/arm-none-eabi/10.3.1/../../../../arm-none-eabi/lib/thumb/v7e-m/nofp/libc_nano.a(lib_a-nano-vfprintf_i.o)
 .debug_frame   0x0000000000000a54       0x40 /usr/share/gcc-arm-none-eabi-10.3-2021.10/bin/../lib/gcc/arm-none-eabi/10.3.1/../../../../arm-none-eabi/lib/thumb/v7e-m/nofp/libc_nano.a(lib_a-nano-vfscanf_float.o)
 .debug_frame   0x0000000000000a94       0x2c /usr/share/gcc-arm-none-eabi-10.3-2021.10/bin/../lib/gcc/arm-none-eabi/10.3.1/../../../../arm-none-eabi/lib/thumb/v7e-m/nofp/libc_nano.a(lib_a-sbrkr.o)
 .debug_frame   0x0000000000000ac0       0x20 /usr/share/gcc-arm-none-eabi-10.3-2021.10/bin/../lib/gcc/arm-none-eabi/10.3.1/../../../../arm-none-eabi/lib/thumb/v7e-m/nofp/libc_nano.a(lib_a-sf_nan.o)
 .debug_frame   0x0000000000000ae0       0x6c /usr/share/gcc-arm-none-eabi-10.3-2021.10/bin/../lib/gcc/arm-none-eabi/10.3.1/../../../../arm-none-eabi/lib/thumb/v7e-m/nofp/libc_nano.a(lib_a-sprintf.o)
 .debug_frame   0x0000000000000b4c       0x20 /usr/share/gcc-arm-none-eabi-10.3-2021.10/bin/../lib/gcc/arm-none-eabi/10.3.1/../../../../arm-none-eabi/lib/thumb/v7e-m/nofp/libc_nano.a(lib_a-strcmp.o)
 .debug_frame   0x0000000000000b6c       0xe8 /usr/share/gcc-arm-none-eabi-10.3-2021.10/bin/../lib/gcc/arm-none-eabi/10.3.1/../../../../arm-none-eabi/lib/thumb/v7e-m/nofp/libc_nano.a(lib_a-strtod.o)
 .debug_frame   0x0000000000000c54       0x64 /usr/share/gcc-arm-none-eabi-10.3-2021.10/bin/../lib/gcc/arm-none-eabi/10.3.1/../../../../arm-none-eabi/lib/thumb/v7e-m/nofp/libc_nano.a(lib_a-strtol.o)
 .debug_frame   0x0000000000000cb8       0x6c /usr/share/gcc-arm-none-eabi-10.3-2021.10/bin/../lib/gcc/arm-none-eabi/10.3.1/../../../../arm-none-eabi/lib/thumb/v7e-m/nofp/libc_nano.a(lib_a-dtoa.o)
 .debug_frame   0x0000000000000d24       0x74 /usr/share/gcc-arm-none-eabi-10.3-2021.10/bin/../lib/gcc/arm-none-eabi/10.3.1/../../../../arm-none-eabi/lib/thumb/v7e-m/nofp/libc_nano.a(lib_a-gdtoa-gethex.o)
 .debug_frame   0x0000000000000d98       0x74 /usr/share/gcc-arm-none-eabi-10.3-2021.10/bin/../lib/gcc/arm-none-eabi/10.3.1/../../../../arm-none-eabi/lib/thumb/v7e-m/nofp/libc_nano.a(lib_a-gdtoa-hexnan.o)
 .debug_frame   0x0000000000000e0c       0x20 /usr/share/gcc-arm-none-eabi-10.3-2021.10/bin/../lib/gcc/arm-none-eabi/10.3.1/../../../../arm-none-eabi/lib/thumb/v7e-m/nofp/libc_nano.a(lib_a-lnumeric.o)
 .debug_frame   0x0000000000000e2c       0x48 /usr/share/gcc-arm-none-eabi-10.3-2021.10/bin/../lib/gcc/arm-none-eabi/10.3.1/../../../../arm-none-eabi/lib/thumb/v7e-m/nofp/libc_nano.a(lib_a-locale.o)
 .debug_frame   0x0000000000000e74       0x40 /usr/share/gcc-arm-none-eabi-10.3-2021.10/bin/../lib/gcc/arm-none-eabi/10.3.1/../../../../arm-none-eabi/lib/thumb/v7e-m/nofp/libc_nano.a(lib_a-localeconv.o)
 .debug_frame   0x0000000000000eb4       0x30 /usr/share/gcc-arm-none-eabi-10.3-2021.10/bin/../lib/gcc/arm-none-eabi/10.3.1/../../../../arm-none-eabi/lib/thumb/v7e-m/nofp/libc_nano.a(lib_a-malloc.o)
 .debug_frame   0x0000000000000ee4       0x48 /usr/share/gcc-arm-none-eabi-10.3-2021.10/bin/../lib/gcc/arm-none-eabi/10.3.1/../../../../arm-none-eabi/lib/thumb/v7e-m/nofp/libc_nano.a(lib_a-mbtowc_r.o)
 .debug_frame   0x0000000000000f2c       0x28 /usr/share/gcc-arm-none-eabi-10.3-2021.10/bin/../lib/gcc/arm-none-eabi/10.3.1/../../../../arm-none-eabi/lib/thumb/v7e-m/nofp/libc_nano.a(lib_a-memcpy-stub.o)
 .debug_frame   0x0000000000000f54       0x30 /usr/share/gcc-arm-none-eabi-10.3-2021.10/bin/../lib/gcc/arm-none-eabi/10.3.1/../../../../arm-none-eabi/lib/thumb/v7e-m/nofp/libc_nano.a(lib_a-mlock.o)
 .debug_frame   0x0000000000000f84      0x254 /usr/share/gcc-arm-none-eabi-10.3-2021.10/bin/../lib/gcc/arm-none-eabi/10.3.1/../../../../arm-none-eabi/lib/thumb/v7e-m/nofp/libc_nano.a(lib_a-mprec.o)
 .debug_frame   0x00000000000011d8       0x2c /usr/share/gcc-arm-none-eabi-10.3-2021.10/bin/../lib/gcc/arm-none-eabi/10.3.1/../../../../arm-none-eabi/lib/thumb/v7e-m/nofp/libc_nano.a(lib_a-nano-callocr.o)
 .debug_frame   0x0000000000001204       0x38 /usr/share/gcc-arm-none-eabi-10.3-2021.10/bin/../lib/gcc/arm-none-eabi/10.3.1/../../../../arm-none-eabi/lib/thumb/v7e-m/nofp/libc_nano.a(lib_a-nano-freer.o)
 .debug_frame   0x000000000000123c       0x90 /usr/share/gcc-arm-none-eabi-10.3-2021.10/bin/../lib/gcc/arm-none-eabi/10.3.1/../../../../arm-none-eabi/lib/thumb/v7e-m/nofp/libc_nano.a(lib_a-nano-svfprintf.o)
 .debug_frame   0x00000000000012cc       0x20 /usr/share/gcc-arm-none-eabi-10.3-2021.10/bin/../lib/gcc/arm-none-eabi/10.3.1/../../../../arm-none-eabi/lib/thumb/v7e-m/nofp/libc_nano.a(lib_a-s_nan.o)
 .debug_frame   0x00000000000012ec       0x28 /usr/share/gcc-arm-none-eabi-10.3-2021.10/bin/../lib/gcc/arm-none-eabi/10.3.1/../../../../arm-none-eabi/lib/thumb/v7e-m/nofp/libc_nano.a(lib_a-strncmp.o)
 .debug_frame   0x0000000000001314       0x3c /usr/share/gcc-arm-none-eabi-10.3-2021.10/bin/../lib/gcc/arm-none-eabi/10.3.1/../../../../arm-none-eabi/lib/thumb/v7e-m/nofp/libc_nano.a(lib_a-wctomb_r.o)
 .debug_frame   0x0000000000001350       0x28 /usr/share/gcc-arm-none-eabi-10.3-2021.10/bin/../lib/gcc/arm-none-eabi/10.3.1/../../../../arm-none-eabi/lib/thumb/v7e-m/nofp/libc_nano.a(lib_a-memmove.o)
 .debug_frame   0x0000000000001378       0x3c /usr/share/gcc-arm-none-eabi-10.3-2021.10/bin/../lib/gcc/arm-none-eabi/10.3.1/../../../../arm-none-eabi/lib/thumb/v7e-m/nofp/libc_nano.a(lib_a-nano-reallocr.o)
 .debug_frame   0x00000000000013b4       0x20 /usr/share/gcc-arm-none-eabi-10.3-2021.10/bin/../lib/gcc/arm-none-eabi/10.3.1/../../../../arm-none-eabi/lib/thumb/v7e-m/nofp/libc_nano.a(lib_a-nano-msizer.o)
 .debug_frame   0x00000000000013d4       0xac /usr/share/gcc-arm-none-eabi-10.3-2021.10/bin/../lib/gcc/arm-none-eabi/10.3.1/thumb/v7e-m/nofp/libgcc.a(_arm_addsubdf3.o)
 .debug_frame   0x0000000000001480       0x50 /usr/share/gcc-arm-none-eabi-10.3-2021.10/bin/../lib/gcc/arm-none-eabi/10.3.1/thumb/v7e-m/nofp/libgcc.a(_arm_muldivdf3.o)
 .debug_frame   0x00000000000014d0       0xc4 /usr/share/gcc-arm-none-eabi-10.3-2021.10/bin/../lib/gcc/arm-none-eabi/10.3.1/thumb/v7e-m/nofp/libgcc.a(_arm_cmpdf2.o)
 .debug_frame   0x0000000000001594       0x20 /usr/share/gcc-arm-none-eabi-10.3-2021.10/bin/../lib/gcc/arm-none-eabi/10.3.1/thumb/v7e-m/nofp/libgcc.a(_arm_unorddf2.o)
 .debug_frame   0x00000000000015b4       0x24 /usr/share/gcc-arm-none-eabi-10.3-2021.10/bin/../lib/gcc/arm-none-eabi/10.3.1/thumb/v7e-m/nofp/libgcc.a(_arm_fixdfsi.o)
 .debug_frame   0x00000000000015d8       0x24 /usr/share/gcc-arm-none-eabi-10.3-2021.10/bin/../lib/gcc/arm-none-eabi/10.3.1/thumb/v7e-m/nofp/libgcc.a(_arm_fixunsdfsi.o)
 .debug_frame   0x00000000000015fc       0x24 /usr/share/gcc-arm-none-eabi-10.3-2021.10/bin/../lib/gcc/arm-none-eabi/10.3.1/thumb/v7e-m/nofp/libgcc.a(_arm_truncdfsf2.o)
 .debug_frame   0x0000000000001620       0x38 /usr/share/gcc-arm-none-eabi-10.3-2021.10/bin/../lib/gcc/arm-none-eabi/10.3.1/thumb/v7e-m/nofp/libgcc.a(_fixdfdi.o)
 .debug_frame   0x0000000000001658       0x2c /usr/share/gcc-arm-none-eabi-10.3-2021.10/bin/../lib/gcc/arm-none-eabi/10.3.1/thumb/v7e-m/nofp/libgcc.a(_fixunsdfdi.o)

.debug_str      0x0000000000000000    0x4720a
 *(.debug_str)
 .debug_str     0x0000000000000000    0x40261 CMakeFiles/Application.dir/src/main.cpp.obj
                                      0x4051d (size before relaxing)
 .debug_str     0x0000000000040261      0x2b5 CMakeFiles/Application.dir/system/src/cmsis/vectors_stm32f4xx.c.obj
                                       0x3c22 (size before relaxing)
 .debug_str     0x0000000000040516      0x1d4 CMakeFiles/Application.dir/system/src/cmsis/system_stm32f4xx.c.obj
                                      0x3d601 (size before relaxing)
 .debug_str     0x00000000000406ea       0x98 CMakeFiles/Application.dir/system/src/cortexm/_initialize_hardware.c.obj
                                      0x3d443 (size before relaxing)
 .debug_str     0x0000000000040782     0x4708 CMakeFiles/Application.dir/system/src/cortexm/exception_handlers.c.obj
                                      0x41c1b (size before relaxing)
 .debug_str     0x0000000000044e8a      0x103 CMakeFiles/Application.dir/system/src/newlib/_exit.c.obj
                                       0x757b (size before relaxing)
 .debug_str     0x0000000000044f8d      0x517 CMakeFiles/Application.dir/system/src/newlib/_sbrk.c.obj
                                       0x69ce (size before relaxing)
 .debug_str     0x00000000000454a4      0x262 CMakeFiles/Application.dir/system/src/newlib/_startup.c.obj
                                       0x5ba9 (size before relaxing)
 .debug_str     0x0000000000045706     0x1a72 CMakeFiles/Application.dir/system/src/newlib/_syscalls.c.obj
                                       0xa1aa (size before relaxing)
 .debug_str     0x0000000000047178       0x92 CMakeFiles/Application.dir/system/src/newlib/assert.c.obj
                                       0x7fbc (size before relaxing)

.debug_loc      0x0000000000000000     0x1e9d
 *(.debug_loc)
 .debug_loc     0x0000000000000000      0x16e CMakeFiles/Application.dir/src/main.cpp.obj
 .debug_loc     0x000000000000016e      0x195 CMakeFiles/Application.dir/system/src/cmsis/system_stm32f4xx.c.obj
 .debug_loc     0x0000000000000303      0x30f CMakeFiles/Application.dir/system/src/cortexm/exception_handlers.c.obj
 .debug_loc     0x0000000000000612       0x15 CMakeFiles/Application.dir/system/src/newlib/_exit.c.obj
 .debug_loc     0x0000000000000627       0x97 CMakeFiles/Application.dir/system/src/newlib/_sbrk.c.obj
 .debug_loc     0x00000000000006be      0x2de CMakeFiles/Application.dir/system/src/newlib/_startup.c.obj
 .debug_loc     0x000000000000099c     0x1423 CMakeFiles/Application.dir/system/src/newlib/_syscalls.c.obj
 .debug_loc     0x0000000000001dbf       0xde CMakeFiles/Application.dir/system/src/newlib/assert.c.obj

.debug_macinfo
 *(.debug_macinfo)

.debug_weaknames
 *(.debug_weaknames)

.debug_funcnames
 *(.debug_funcnames)

.debug_typenames
 *(.debug_typenames)

.debug_varnames
 *(.debug_varnames)
OUTPUT(Application.elf elf32-littlearm)
LOAD linker stubs

.debug_ranges   0x0000000000000000      0x270
 .debug_ranges  0x0000000000000000       0x20 CMakeFiles/Application.dir/src/main.cpp.obj
 .debug_ranges  0x0000000000000020       0x10 CMakeFiles/Application.dir/system/src/cmsis/vectors_stm32f4xx.c.obj
 .debug_ranges  0x0000000000000030       0x18 CMakeFiles/Application.dir/system/src/cmsis/system_stm32f4xx.c.obj
 .debug_ranges  0x0000000000000048       0x18 CMakeFiles/Application.dir/system/src/cortexm/_initialize_hardware.c.obj
 .debug_ranges  0x0000000000000060       0x78 CMakeFiles/Application.dir/system/src/cortexm/exception_handlers.c.obj
 .debug_ranges  0x00000000000000d8       0x18 CMakeFiles/Application.dir/system/src/newlib/_exit.c.obj
 .debug_ranges  0x00000000000000f0       0x10 CMakeFiles/Application.dir/system/src/newlib/_sbrk.c.obj
 .debug_ranges  0x0000000000000100       0x30 CMakeFiles/Application.dir/system/src/newlib/_startup.c.obj
 .debug_ranges  0x0000000000000130      0x128 CMakeFiles/Application.dir/system/src/newlib/_syscalls.c.obj
 .debug_ranges  0x0000000000000258       0x18 CMakeFiles/Application.dir/system/src/newlib/assert.c.obj

.debug_macro    0x0000000000000000     0xf7ed
 .debug_macro   0x0000000000000000      0x103 CMakeFiles/Application.dir/src/main.cpp.obj
 .debug_macro   0x0000000000000103      0xbe0 CMakeFiles/Application.dir/src/main.cpp.obj
 .debug_macro   0x0000000000000ce3      0x18a CMakeFiles/Application.dir/src/main.cpp.obj
 .debug_macro   0x0000000000000e6d       0x10 CMakeFiles/Application.dir/src/main.cpp.obj
 .debug_macro   0x0000000000000e7d       0xac CMakeFiles/Application.dir/src/main.cpp.obj
 .debug_macro   0x0000000000000f29       0xf7 CMakeFiles/Application.dir/src/main.cpp.obj
 .debug_macro   0x0000000000001020      0x34c CMakeFiles/Application.dir/src/main.cpp.obj
 .debug_macro   0x000000000000136c       0x1c CMakeFiles/Application.dir/src/main.cpp.obj
 .debug_macro   0x0000000000001388       0x22 CMakeFiles/Application.dir/src/main.cpp.obj
 .debug_macro   0x00000000000013aa       0x56 CMakeFiles/Application.dir/src/main.cpp.obj
 .debug_macro   0x0000000000001400       0x51 CMakeFiles/Application.dir/src/main.cpp.obj
 .debug_macro   0x0000000000001451      0x103 CMakeFiles/Application.dir/src/main.cpp.obj
 .debug_macro   0x0000000000001554       0x6a CMakeFiles/Application.dir/src/main.cpp.obj
 .debug_macro   0x00000000000015be      0x1df CMakeFiles/Application.dir/src/main.cpp.obj
 .debug_macro   0x000000000000179d       0x28 CMakeFiles/Application.dir/src/main.cpp.obj
 .debug_macro   0x00000000000017c5       0x28 CMakeFiles/Application.dir/src/main.cpp.obj
 .debug_macro   0x00000000000017ed       0x3b CMakeFiles/Application.dir/src/main.cpp.obj
 .debug_macro   0x0000000000001828       0x2d CMakeFiles/Application.dir/src/main.cpp.obj
 .debug_macro   0x0000000000001855       0x26 CMakeFiles/Application.dir/src/main.cpp.obj
 .debug_macro   0x000000000000187b      0xd39 CMakeFiles/Application.dir/src/main.cpp.obj
 .debug_macro   0x00000000000025b4     0x8fae CMakeFiles/Application.dir/src/main.cpp.obj
 .debug_macro   0x000000000000b562       0x2e CMakeFiles/Application.dir/src/main.cpp.obj
 .debug_macro   0x000000000000b590       0x73 CMakeFiles/Application.dir/system/src/cmsis/vectors_stm32f4xx.c.obj
 .debug_macro   0x000000000000b603      0xa72 CMakeFiles/Application.dir/system/src/cmsis/vectors_stm32f4xx.c.obj
 .debug_macro   0x000000000000c075       0x56 CMakeFiles/Application.dir/system/src/cmsis/vectors_stm32f4xx.c.obj
 .debug_macro   0x000000000000c0cb       0xcb CMakeFiles/Application.dir/system/src/cmsis/system_stm32f4xx.c.obj
 .debug_macro   0x000000000000c196      0xd39 CMakeFiles/Application.dir/system/src/cmsis/system_stm32f4xx.c.obj
 .debug_macro   0x000000000000cecf       0xc3 CMakeFiles/Application.dir/system/src/cortexm/_initialize_hardware.c.obj
 .debug_macro   0x000000000000cf92      0x200 CMakeFiles/Application.dir/system/src/cortexm/exception_handlers.c.obj
 .debug_macro   0x000000000000d192       0x22 CMakeFiles/Application.dir/system/src/cortexm/exception_handlers.c.obj
 .debug_macro   0x000000000000d1b4       0x52 CMakeFiles/Application.dir/system/src/cortexm/exception_handlers.c.obj
 .debug_macro   0x000000000000d206       0x18 CMakeFiles/Application.dir/system/src/cortexm/exception_handlers.c.obj
 .debug_macro   0x000000000000d21e       0x3c CMakeFiles/Application.dir/system/src/cortexm/exception_handlers.c.obj
 .debug_macro   0x000000000000d25a       0x34 CMakeFiles/Application.dir/system/src/cortexm/exception_handlers.c.obj
 .debug_macro   0x000000000000d28e       0x10 CMakeFiles/Application.dir/system/src/cortexm/exception_handlers.c.obj
 .debug_macro   0x000000000000d29e       0xcf CMakeFiles/Application.dir/system/src/cortexm/exception_handlers.c.obj
 .debug_macro   0x000000000000d36d      0x35d CMakeFiles/Application.dir/system/src/cortexm/exception_handlers.c.obj
 .debug_macro   0x000000000000d6ca       0x10 CMakeFiles/Application.dir/system/src/cortexm/exception_handlers.c.obj
 .debug_macro   0x000000000000d6da       0x16 CMakeFiles/Application.dir/system/src/cortexm/exception_handlers.c.obj
 .debug_macro   0x000000000000d6f0       0x20 CMakeFiles/Application.dir/system/src/cortexm/exception_handlers.c.obj
 .debug_macro   0x000000000000d710       0x34 CMakeFiles/Application.dir/system/src/cortexm/exception_handlers.c.obj
 .debug_macro   0x000000000000d744       0xb2 CMakeFiles/Application.dir/system/src/cortexm/exception_handlers.c.obj
 .debug_macro   0x000000000000d7f6       0xb7 CMakeFiles/Application.dir/system/src/cortexm/exception_handlers.c.obj
 .debug_macro   0x000000000000d8ad      0x4fe CMakeFiles/Application.dir/system/src/cortexm/exception_handlers.c.obj
 .debug_macro   0x000000000000ddab       0x10 CMakeFiles/Application.dir/system/src/cortexm/exception_handlers.c.obj
 .debug_macro   0x000000000000ddbb       0x58 CMakeFiles/Application.dir/system/src/cortexm/exception_handlers.c.obj
 .debug_macro   0x000000000000de13       0x71 CMakeFiles/Application.dir/system/src/cortexm/exception_handlers.c.obj
 .debug_macro   0x000000000000de84       0x16 CMakeFiles/Application.dir/system/src/cortexm/exception_handlers.c.obj
 .debug_macro   0x000000000000de9a      0x12a CMakeFiles/Application.dir/system/src/cortexm/exception_handlers.c.obj
 .debug_macro   0x000000000000dfc4       0x10 CMakeFiles/Application.dir/system/src/cortexm/exception_handlers.c.obj
 .debug_macro   0x000000000000dfd4       0x35 CMakeFiles/Application.dir/system/src/cortexm/exception_handlers.c.obj
 .debug_macro   0x000000000000e009      0x153 CMakeFiles/Application.dir/system/src/newlib/_exit.c.obj
 .debug_macro   0x000000000000e15c       0x4c CMakeFiles/Application.dir/system/src/newlib/_exit.c.obj
 .debug_macro   0x000000000000e1a8       0x5c CMakeFiles/Application.dir/system/src/newlib/_exit.c.obj
 .debug_macro   0x000000000000e204       0x16 CMakeFiles/Application.dir/system/src/newlib/_exit.c.obj
 .debug_macro   0x000000000000e21a      0x10e CMakeFiles/Application.dir/system/src/newlib/_exit.c.obj
 .debug_macro   0x000000000000e328       0x86 CMakeFiles/Application.dir/system/src/newlib/_exit.c.obj
 .debug_macro   0x000000000000e3ae       0x43 CMakeFiles/Application.dir/system/src/newlib/_exit.c.obj
 .debug_macro   0x000000000000e3f1       0x57 CMakeFiles/Application.dir/system/src/newlib/_exit.c.obj
 .debug_macro   0x000000000000e448       0x22 CMakeFiles/Application.dir/system/src/newlib/_exit.c.obj
 .debug_macro   0x000000000000e46a       0x16 CMakeFiles/Application.dir/system/src/newlib/_exit.c.obj
 .debug_macro   0x000000000000e480      0x115 CMakeFiles/Application.dir/system/src/newlib/_sbrk.c.obj
 .debug_macro   0x000000000000e595      0x16d CMakeFiles/Application.dir/system/src/newlib/_sbrk.c.obj
 .debug_macro   0x000000000000e702       0x10 CMakeFiles/Application.dir/system/src/newlib/_sbrk.c.obj
 .debug_macro   0x000000000000e712      0x23b CMakeFiles/Application.dir/system/src/newlib/_sbrk.c.obj
 .debug_macro   0x000000000000e94d      0x113 CMakeFiles/Application.dir/system/src/newlib/_startup.c.obj
 .debug_macro   0x000000000000ea60      0x2a6 CMakeFiles/Application.dir/system/src/newlib/_syscalls.c.obj
 .debug_macro   0x000000000000ed06       0x10 CMakeFiles/Application.dir/system/src/newlib/_syscalls.c.obj
 .debug_macro   0x000000000000ed16       0x10 CMakeFiles/Application.dir/system/src/newlib/_syscalls.c.obj
 .debug_macro   0x000000000000ed26       0x10 CMakeFiles/Application.dir/system/src/newlib/_syscalls.c.obj
 .debug_macro   0x000000000000ed36       0xbe CMakeFiles/Application.dir/system/src/newlib/_syscalls.c.obj
 .debug_macro   0x000000000000edf4       0x2e CMakeFiles/Application.dir/system/src/newlib/_syscalls.c.obj
 .debug_macro   0x000000000000ee22      0x102 CMakeFiles/Application.dir/system/src/newlib/_syscalls.c.obj
 .debug_macro   0x000000000000ef24      0x123 CMakeFiles/Application.dir/system/src/newlib/_syscalls.c.obj
 .debug_macro   0x000000000000f047       0x10 CMakeFiles/Application.dir/system/src/newlib/_syscalls.c.obj
 .debug_macro   0x000000000000f057       0x1c CMakeFiles/Application.dir/system/src/newlib/_syscalls.c.obj
 .debug_macro   0x000000000000f073       0x10 CMakeFiles/Application.dir/system/src/newlib/_syscalls.c.obj
 .debug_macro   0x000000000000f083       0x16 CMakeFiles/Application.dir/system/src/newlib/_syscalls.c.obj
 .debug_macro   0x000000000000f099      0x114 CMakeFiles/Application.dir/system/src/newlib/_syscalls.c.obj
 .debug_macro   0x000000000000f1ad       0x16 CMakeFiles/Application.dir/system/src/newlib/_syscalls.c.obj
 .debug_macro   0x000000000000f1c3       0x10 CMakeFiles/Application.dir/system/src/newlib/_syscalls.c.obj
 .debug_macro   0x000000000000f1d3       0x43 CMakeFiles/Application.dir/system/src/newlib/_syscalls.c.obj
 .debug_macro   0x000000000000f216      0x241 CMakeFiles/Application.dir/system/src/newlib/_syscalls.c.obj
 .debug_macro   0x000000000000f457       0x16 CMakeFiles/Application.dir/system/src/newlib/_syscalls.c.obj
 .debug_macro   0x000000000000f46d       0x3a CMakeFiles/Application.dir/system/src/newlib/_syscalls.c.obj
 .debug_macro   0x000000000000f4a7       0xa2 CMakeFiles/Application.dir/system/src/newlib/_syscalls.c.obj
 .debug_macro   0x000000000000f549      0x105 CMakeFiles/Application.dir/system/src/newlib/_syscalls.c.obj
 .debug_macro   0x000000000000f64e       0x16 CMakeFiles/Application.dir/system/src/newlib/_syscalls.c.obj
 .debug_macro   0x000000000000f664      0x179 CMakeFiles/Application.dir/system/src/newlib/assert.c.obj
 .debug_macro   0x000000000000f7dd       0x10 CMakeFiles/Application.dir/system/src/newlib/assert.c.obj